Archive member included to satisfy reference by file (symbol)

C:\ST\STEdgeAI\4.0\Utilities\windows\targets\ispu\runtime\lib\imu22\libNetworkRuntime_ISPU_STRED_GCC.a(forward_lite_conv2d_sssa8_ch.o)
                              network.o (forward_lite_conv2d_sssa8_ch)
C:\ST\STEdgeAI\4.0\Utilities\windows\targets\ispu\runtime\lib\imu22\libNetworkRuntime_ISPU_STRED_GCC.a(forward_lite_maxpool_is8os8_scalepos.o)
                              network.o (forward_lite_maxpool_is8os8_scalepos)
C:\ST\STEdgeAI\4.0\Utilities\windows\targets\ispu\runtime\lib\imu22\libNetworkRuntime_ISPU_STRED_GCC.a(layers_conv2d_stm32_integer.o)
                              network.o (forward_dense_integer_SSSA_ch)
C:\ST\STEdgeAI\4.0\Utilities\windows\targets\ispu\runtime\lib\imu22\libNetworkRuntime_ISPU_STRED_GCC.a(layers_pool_stm32_integer.o)
                              network.o (forward_ap_integer_INT8)
C:\ST\STEdgeAI\4.0\Utilities\windows\targets\ispu\runtime\lib\imu22\libNetworkRuntime_ISPU_STRED_GCC.a(st_align_factor.o)
                              C:\ST\STEdgeAI\4.0\Utilities\windows\targets\ispu\runtime\lib\imu22\libNetworkRuntime_ISPU_STRED_GCC.a(layers_conv2d_stm32_integer.o) (align_factor)
C:\ST\STEdgeAI\4.0\Utilities\windows\targets\ispu\runtime\lib\imu22\libNetworkRuntime_ISPU_STRED_GCC.a(st_convolve_reference.o)
                              C:\ST\STEdgeAI\4.0\Utilities\windows\targets\ispu\runtime\lib\imu22\libNetworkRuntime_ISPU_STRED_GCC.a(forward_lite_conv2d_sssa8_ch.o) (st_sssa8_ch_convolve_ref)
C:\ST\STEdgeAI\4.0\Utilities\windows\targets\ispu\runtime\lib\imu22\libNetworkRuntime_ISPU_STRED_GCC.a(st_sssa8_convolve_1x1.o)
                              C:\ST\STEdgeAI\4.0\Utilities\windows\targets\ispu\runtime\lib\imu22\libNetworkRuntime_ISPU_STRED_GCC.a(layers_conv2d_stm32_integer.o) (st_sssa8_convolve_1x1_WeightsPrefetch)
C:\ST\STEdgeAI\4.0\Utilities\windows\targets\ispu\runtime\lib\imu22\libNetworkRuntime_ISPU_STRED_GCC.a(st_sssa8_convolve_dw.o)
                              C:\ST\STEdgeAI\4.0\Utilities\windows\targets\ispu\runtime\lib\imu22\libNetworkRuntime_ISPU_STRED_GCC.a(layers_conv2d_stm32_integer.o) (st_sssa8_conv_dw_Wadapt)
C:\ST\STEdgeAI\4.0\Utilities\windows\targets\ispu\runtime\lib\imu22\libNetworkRuntime_ISPU_STRED_GCC.a(st_sssa8_convolve.o)
                              C:\ST\STEdgeAI\4.0\Utilities\windows\targets\ispu\runtime\lib\imu22\libNetworkRuntime_ISPU_STRED_GCC.a(layers_conv2d_stm32_integer.o) (st_sssa8_convolve_rank1upd)
C:\ST\STEdgeAI\4.0\Utilities\windows\targets\ispu\runtime\lib\imu22\libNetworkRuntime_ISPU_STRED_GCC.a(st_sssa8_convolve_rgb.o)
                              C:\ST\STEdgeAI\4.0\Utilities\windows\targets\ispu\runtime\lib\imu22\libNetworkRuntime_ISPU_STRED_GCC.a(layers_conv2d_stm32_integer.o) (st_sssa8_convolve_rgb)
C:\ST\STEdgeAI\4.0\Utilities\windows\targets\ispu\runtime\lib\imu22\libNetworkRuntime_ISPU_STRED_GCC.a(st_ssua8_ch_convolve_1x1.o)
                              C:\ST\STEdgeAI\4.0\Utilities\windows\targets\ispu\runtime\lib\imu22\libNetworkRuntime_ISPU_STRED_GCC.a(layers_conv2d_stm32_integer.o) (st_ssua8_ch_convolve_1x1)
C:\ST\STEdgeAI\4.0\Utilities\windows\targets\ispu\runtime\lib\imu22\libNetworkRuntime_ISPU_STRED_GCC.a(st_ssua8_ch_convolve_dw.o)
                              C:\ST\STEdgeAI\4.0\Utilities\windows\targets\ispu\runtime\lib\imu22\libNetworkRuntime_ISPU_STRED_GCC.a(layers_conv2d_stm32_integer.o) (st_ssua8_ch_conv_dw_Wadapt)
C:\ST\STEdgeAI\4.0\Utilities\windows\targets\ispu\runtime\lib\imu22\libNetworkRuntime_ISPU_STRED_GCC.a(st_ssua8_ch_convolve.o)
                              C:\ST\STEdgeAI\4.0\Utilities\windows\targets\ispu\runtime\lib\imu22\libNetworkRuntime_ISPU_STRED_GCC.a(layers_conv2d_stm32_integer.o) (st_ssua8_ch_convolve_rank1upd)
C:\ST\STEdgeAI\4.0\Utilities\windows\targets\ispu\runtime\lib\imu22\libNetworkRuntime_ISPU_STRED_GCC.a(st_ssua8_ch_convolve_rgb.o)
                              C:\ST\STEdgeAI\4.0\Utilities\windows\targets\ispu\runtime\lib\imu22\libNetworkRuntime_ISPU_STRED_GCC.a(layers_conv2d_stm32_integer.o) (st_ssua8_ch_convolve_rgb)
C:\ST\STEdgeAI\4.0\Utilities\windows\targets\ispu\runtime\lib\imu22\libNetworkRuntime_ISPU_STRED_GCC.a(st_ssua8_ch_dense.o)
                              C:\ST\STEdgeAI\4.0\Utilities\windows\targets\ispu\runtime\lib\imu22\libNetworkRuntime_ISPU_STRED_GCC.a(layers_conv2d_stm32_integer.o) (st_ssua8_ch_fully_connected)
C:\ST\STEdgeAI\4.0\Utilities\windows\targets\ispu\runtime\lib\imu22\libNetworkRuntime_ISPU_STRED_GCC.a(st_ssua8_convolve_1x1.o)
                              C:\ST\STEdgeAI\4.0\Utilities\windows\targets\ispu\runtime\lib\imu22\libNetworkRuntime_ISPU_STRED_GCC.a(layers_conv2d_stm32_integer.o) (st_ssua8_convolve_1x1)
C:\ST\STEdgeAI\4.0\Utilities\windows\targets\ispu\runtime\lib\imu22\libNetworkRuntime_ISPU_STRED_GCC.a(st_ssua8_convolve_dw.o)
[...]
Memory Configuration

Name             Origin             Length             Attributes
RAM              0x00000000         0x00002000         arw
CTRL             0x00006800         0x00000400         arw
EREG             0x00006900         0x00000100         arw
ROM              0x00010000         0x00008000         xr
*default*        0x00000000         0xffffffff

Linker script and memory map

LOAD network.o
LOAD network_data.o
LOAD startup_ispu.o
LOAD stedgeai_app_main.o
LOAD C:\ST\STEdgeAI\4.0\Utilities\windows\targets\ispu\runtime\lib\imu22\libNetworkRuntime_ISPU_STRED_GCC.a
LOAD C:/ST/ispu-toolchain-1.6.0-x86_64-win/bin/../lib/gcc/stred/14.1.0/mcpu-stredl/mfp32-format-ieee\libgcc.a
LOAD C:/ST/ispu-toolchain-1.6.0-x86_64-win/bin/../lib/gcc/stred/14.1.0/../../../../stred/lib/mcpu-stredl/mfp32-format-ieee\libc_nano.a
LOAD C:/ST/ispu-toolchain-1.6.0-x86_64-win/bin/../lib/gcc/stred/14.1.0/mcpu-stredl/mfp32-format-ieee\libgcc.a
START GROUP
LOAD C:/ST/ispu-toolchain-1.6.0-x86_64-win/bin/../lib/gcc/stred/14.1.0/mcpu-stredl/mfp32-format-ieee\libgcc.a
LOAD C:/ST/ispu-toolchain-1.6.0-x86_64-win/bin/../lib/gcc/stred/14.1.0/../../../../stred/lib/mcpu-stredl/mfp32-format-ieee\libc_nano.a
END GROUP
START GROUP
LOAD C:/ST/ispu-toolchain-1.6.0-x86_64-win/bin/../lib/gcc/stred/14.1.0/../../../../stred/lib/mcpu-stredl/mfp32-format-ieee\libsim.a
LOAD C:/ST/ispu-toolchain-1.6.0-x86_64-win/bin/../lib/gcc/stred/14.1.0/../../../../stred/lib/mcpu-stredl/mfp32-format-ieee\libc.a
LOAD C:/ST/ispu-toolchain-1.6.0-x86_64-win/bin/../lib/gcc/stred/14.1.0/../../../../stred/lib/mcpu-stredl/mfp32-format-ieee\libm.a
LOAD C:/ST/ispu-toolchain-1.6.0-x86_64-win/bin/../lib/gcc/stred/14.1.0/mcpu-stredl/mfp32-format-ieee\libgcc.a
END GROUP

.init           0x00010000       0xf8
 *(.init)
 .init          0x00010000       0xf8 startup_ispu.o
                0x00010000                _startup
                0x000100f8                        . = ALIGN (0x4)

.text           0x000100f8     0x32d8
 *(.text .text.* .gnu.linkonce.t.*)
 .text._stai_network_check
                0x000100f8       0x76 network.o
 *fill*         0x0001016e        0x2 
 .text.stai_network_init
                0x00010170       0x48 network.o
                0x00010170                stai_network_init
 .text.forward_lite_ap_integer_INT8_pool_15
                0x000101b8       0xc0 network.o
                0x000101b8                forward_lite_ap_integer_INT8_pool_15
 .text.forward_lite_dense_integer_SSSA_ch_gemm_16
                0x00010278       0xea network.o
                0x00010278                forward_lite_dense_integer_SSSA_ch_gemm_16
 *fill*         0x00010362        0x2 
 .text.forward_lite_dense_integer_SSSA_ch_gemm_17
                0x00010364       0xf2 network.o
                0x00010364                forward_lite_dense_integer_SSSA_ch_gemm_17
 *fill*         0x00010456        0x2 
 .text.stai_network_run
                0x00010458      0x65e network.o
                0x00010458                stai_network_run
 *fill*         0x00010ab6        0x2 
 .text.stai_network_get_activations
                0x00010ab8       0x62 network.o
                0x00010ab8                stai_network_get_activations
 *fill*         0x00010b1a        0x2 
 .text.stai_network_get_inputs
                0x00010b1c       0x64 network.o
                0x00010b1c                stai_network_get_inputs
 .text.stai_network_get_outputs
                0x00010b80       0x64 network.o
                0x00010b80                stai_network_get_outputs
 .text.stai_network_set_activations
                0x00010be4       0xb6 network.o
                0x00010be4                stai_network_set_activations
 .text          0x00010c9a       0x68 startup_ispu.o
                0x00010c9a                boot
                0x00010cf0                _start
                0x00010cfe                algo_05_init
                0x00010cfe                algo_10
                0x00010cfe                algo_26_init
                0x00010cfe                algo_00_init
                0x00010cfe                reserved
                0x00010cfe                algo_28
                0x00010cfe                algo_22
                0x00010cfe                algo_27
                0x00010cfe                algo_25
                0x00010cfe                algo_01_init
                0x00010cfe                algo_21
                0x00010cfe                algo_29_init
                0x00010cfe                algo_21_init
                0x00010cfe                algo_07_init
                0x00010cfe                algo_08_init
                0x00010cfe                algo_11
                0x00010cfe                algo_14
                0x00010cfe                algo_27_init
                0x00010cfe                algo_28_init
                0x00010cfe                algo_24
                0x00010cfe                algo_04
                0x00010cfe                algo_20_init
                0x00010cfe                algo_13_init
                0x00010cfe                algo_09
                0x00010cfe                algo_17_init
                0x00010cfe                algo_26
                0x00010cfe                algo_25_init
                0x00010cfe                algo_24_init
                0x00010cfe                algo_06
                0x00010cfe                algo_02
                0x00010cfe                algo_17
                0x00010cfe                algo_13
                0x00010cfe                algo_16
                0x00010cfe                algo_08
                0x00010cfe                algo_11_init
                0x00010cfe                algo_12
                0x00010cfe                algo_01
                0x00010cfe                algo_23_init
                0x00010cfe                algo_18_init
                0x00010cfe                algo_05
                0x00010cfe                algo_20
                0x00010cfe                algo_19
                0x00010cfe                algo_19_init
                0x00010cfe                algo_15
                0x00010cfe                algo_06_init
                0x00010cfe                algo_15_init
                0x00010cfe                algo_09_init
                0x00010cfe                algo_04_init
                0x00010cfe                algo_18
                0x00010cfe                algo_29
                0x00010cfe                algo_14_init
                0x00010cfe                algo_22_init
                0x00010cfe                algo_07
                0x00010cfe                algo_00
                0x00010cfe                algo_12_init
                0x00010cfe                algo_02_init
                0x00010cfe                algo_23
                0x00010cfe                algo_03_init
                0x00010cfe                algo_10_init
                0x00010cfe                algo_16_init
                0x00010cfe                algo_03
                0x00010d00                __main
                0x00010d00                hexfloat
 *fill*         0x00010d02        0x2 
 .text.aiInit   0x00010d04       0x58 stedgeai_app_main.o
                0x00010d04                aiInit
 .text.aiRun    0x00010d5c       0x14 stedgeai_app_main.o
                0x00010d5c                aiRun
 .text.main_loop
                0x00010d70        0xe stedgeai_app_main.o
                0x00010d70                main_loop
 *fill*         0x00010d7e        0x2 
 .text.startup.main
                0x00010d80        0x8 stedgeai_app_main.o
                0x00010d80                main
 .text.forward_lite_conv2d_sssa8_ch
                0x00010d88      0x1ec C:\ST\STEdgeAI\4.0\Utilities\windows\targets\ispu\runtime\lib\imu22\libNetworkRuntime_ISPU_STRED_GCC.a(forward_lite_conv2d_sssa8_ch.o)
                0x00010d88                forward_lite_conv2d_sssa8_ch
 .text.forward_lite_maxpool_is8os8_scalepos
                0x00010f74      0x3d0 C:\ST\STEdgeAI\4.0\Utilities\windows\targets\ispu\runtime\lib\imu22\libNetworkRuntime_ISPU_STRED_GCC.a(forward_lite_maxpool_is8os8_scalepos.o)
                0x00010f74                forward_lite_maxpool_is8os8_scalepos
 .text.forward_dense_integer_SSSA_ch
                0x00011344      0x216 C:\ST\STEdgeAI\4.0\Utilities\windows\targets\ispu\runtime\lib\imu22\libNetworkRuntime_ISPU_STRED_GCC.a(layers_conv2d_stm32_integer.o)
                0x00011344                forward_dense_integer_SSSA_ch
 *fill*         0x0001155a        0x2 
 .text.pool_func_ap_array_integer_INT8
                0x0001155c      0x1cc C:\ST\STEdgeAI\4.0\Utilities\windows\targets\ispu\runtime\lib\imu22\libNetworkRuntime_ISPU_STRED_GCC.a(layers_pool_stm32_integer.o)
                0x0001155c                pool_func_ap_array_integer_INT8
 .text.forward_ap_integer_INT8
                0x00011728       0xf4 C:\ST\STEdgeAI\4.0\Utilities\windows\targets\ispu\runtime\lib\imu22\libNetworkRuntime_ISPU_STRED_GCC.a(layers_pool_stm32_integer.o)
                0x00011728                forward_ap_integer_INT8
 .text.align_factor_ch
                0x0001181c       0xbc C:\ST\STEdgeAI\4.0\Utilities\windows\targets\ispu\runtime\lib\imu22\libNetworkRuntime_ISPU_STRED_GCC.a(st_align_factor.o)
                0x0001181c                align_factor_ch
 .text.st_sssa8_ch_convolve_ref
                0x000118d8      0x93e C:\ST\STEdgeAI\4.0\Utilities\windows\targets\ispu\runtime\lib\imu22\libNetworkRuntime_ISPU_STRED_GCC.a(st_convolve_reference.o)
                0x000118d8                st_sssa8_ch_convolve_ref
 *fill*         0x00012216        0x2 
 .text.forward_lite_avepool_is8os8
                0x00012218      0x164 C:\ST\STEdgeAI\4.0\Utilities\windows\targets\ispu\runtime\lib\imu22\libNetworkRuntime_ISPU_STRED_GCC.a(forward_lite_avepool_is8os8.o)
                0x00012218                forward_lite_avepool_is8os8
 .text.forward_lite_dense_is8os8ws8_ch
                0x0001237c      0x15a C:\ST\STEdgeAI\4.0\Utilities\windows\targets\ispu\runtime\lib\imu22\libNetworkRuntime_ISPU_STRED_GCC.a(forward_lite_dense_is8os8ws8_ch.o)
                0x0001237c                forward_lite_dense_is8os8ws8_ch
 *fill*         0x000124d6        0x2 
 .text._lite_core_errors_check
                0x000124d8       0x3a C:\ST\STEdgeAI\4.0\Utilities\windows\targets\ispu\runtime\lib\imu22\libNetworkRuntime_ISPU_STRED_GCC.a(lite_core_errors.o)
                0x000124d8                _lite_core_errors_check
 *fill*         0x00012512        0x2 
 .text.st_int8_avepool
                0x00012514      0x392 C:\ST\STEdgeAI\4.0\Utilities\windows\targets\ispu\runtime\lib\imu22\libNetworkRuntime_ISPU_STRED_GCC.a(st_int8_pool.o)
                0x00012514                st_int8_avepool
 *fill*         0x000128a6        0x2 
 .text.st_sssa8_ch_fully_connected
                0x000128a8      0x20a C:\ST\STEdgeAI\4.0\Utilities\windows\targets\ispu\runtime\lib\imu22\libNetworkRuntime_ISPU_STRED_GCC.a(st_sssa8_ch_dense.o)
                0x000128a8                st_sssa8_ch_fully_connected
 .text.__mulsi3
                0x00012ab2       0x16 C:/ST/ispu-toolchain-1.6.0-x86_64-win/bin/../lib/gcc/stred/14.1.0/mcpu-stredl/mfp32-format-ieee\libgcc.a(_mulsi3.o)
                0x00012ab2                __mulsi3
 .text.__mulsidi3
                0x00012ac8       0x9e C:/ST/ispu-toolchain-1.6.0-x86_64-win/bin/../lib/gcc/stred/14.1.0/mcpu-stredl/mfp32-format-ieee\libgcc.a(_mulsi3.o)
                0x00012ac8                __mulsidi3
 .text.__umulsidi3
                0x00012b66       0x5e C:/ST/ispu-toolchain-1.6.0-x86_64-win/bin/../lib/gcc/stred/14.1.0/mcpu-stredl/mfp32-format-ieee\libgcc.a(_mulsi3.o)
                0x00012b66                __umulsidi3
 .text.__divsi3
                0x00012bc4       0x4a C:/ST/ispu-toolchain-1.6.0-x86_64-win/bin/../lib/gcc/stred/14.1.0/mcpu-stredl/mfp32-format-ieee\libgcc.a(divmod.o)
                0x00012bc4                __divsi3
 *fill*         0x00012c0e        0x2 
 .text.__divsf3
                0x00012c10      0x2de C:/ST/ispu-toolchain-1.6.0-x86_64-win/bin/../lib/gcc/stred/14.1.0/mcpu-stredl/mfp32-format-ieee\libgcc.a(divsf3.o)
                0x00012c10                __divsf3
 *fill*         0x00012eee        0x2 
 .text.__eqsf2  0x00012ef0       0x88 C:/ST/ispu-toolchain-1.6.0-x86_64-win/bin/../lib/gcc/stred/14.1.0/mcpu-stredl/mfp32-format-ieee\libgcc.a(eqsf2.o)
                0x00012ef0                __eqsf2
                0x00012ef0                __nesf2
 .text.__gesf2  0x00012f78       0xea C:/ST/ispu-toolchain-1.6.0-x86_64-win/bin/../lib/gcc/stred/14.1.0/mcpu-stredl/mfp32-format-ieee\libgcc.a(gesf2.o)
                0x00012f78                __gesf2
                0x00012f78                __gtsf2
 *fill*         0x00013062        0x2 
 .text.__fixsfsi
                0x00013064       0x6a C:/ST/ispu-toolchain-1.6.0-x86_64-win/bin/../lib/gcc/stred/14.1.0/mcpu-stredl/mfp32-format-ieee\libgcc.a(fixsfsi.o)
                0x00013064                __fixsfsi
 *fill*         0x000130ce        0x2 
 .text.__floatsisf
                0x000130d0      0x100 C:/ST/ispu-toolchain-1.6.0-x86_64-win/bin/../lib/gcc/stred/14.1.0/mcpu-stredl/mfp32-format-ieee\libgcc.a(floatsisf.o)
                0x000130d0                __floatsisf
 .text.__clzsi2
                0x000131d0       0x60 C:/ST/ispu-toolchain-1.6.0-x86_64-win/bin/../lib/gcc/stred/14.1.0/mcpu-stredl/mfp32-format-ieee\libgcc.a(_clzsi2.o)
                0x000131d0                __clzsi2
 .text.__udivmodsi4
                0x00013230       0x4c C:/ST/ispu-toolchain-1.6.0-x86_64-win/bin/../lib/gcc/stred/14.1.0/mcpu-stredl/mfp32-format-ieee\libgcc.a(udivmodsi4.o)
                0x00013230                __udivmodsi4
 .text.abort    0x0001327c       0x12 C:/ST/ispu-toolchain-1.6.0-x86_64-win/bin/../lib/gcc/stred/14.1.0/../../../../stred/lib/mcpu-stredl/mfp32-format-ieee\libc_nano.a(lib_a-abort.o)
                0x0001327c                abort
 *fill*         0x0001328e        0x2 
 .text.exit     0x00013290       0x30 C:/ST/ispu-toolchain-1.6.0-x86_64-win/bin/../lib/gcc/stred/14.1.0/../../../../stred/lib/mcpu-stredl/mfp32-format-ieee\libc_nano.a(lib_a-exit.o)
                0x00013290                exit
 .text.memcpy   0x000132c0       0x28 C:/ST/ispu-toolchain-1.6.0-x86_64-win/bin/../lib/gcc/stred/14.1.0/../../../../stred/lib/mcpu-stredl/mfp32-format-ieee\libc_nano.a(lib_a-memcpy.o)
                0x000132c0                memcpy
 .text._raise_r
                0x000132e8       0x6e C:/ST/ispu-toolchain-1.6.0-x86_64-win/bin/../lib/gcc/stred/14.1.0/../../../../stred/lib/mcpu-stredl/mfp32-format-ieee\libc_nano.a(lib_a-signal.o)
                0x000132e8                _raise_r
 *fill*         0x00013356        0x2 
 .text.raise    0x00013358       0x14 C:/ST/ispu-toolchain-1.6.0-x86_64-win/bin/../lib/gcc/stred/14.1.0/../../../../stred/lib/mcpu-stredl/mfp32-format-ieee\libc_nano.a(lib_a-signal.o)
                0x00013358                raise
 .text._kill_r  0x0001336c       0x30 C:/ST/ispu-toolchain-1.6.0-x86_64-win/bin/../lib/gcc/stred/14.1.0/../../../../stred/lib/mcpu-stredl/mfp32-format-ieee\libc_nano.a(lib_a-signalr.o)
                0x0001336c                _kill_r
 .text._getpid_r
                0x0001339c        0xe C:/ST/ispu-toolchain-1.6.0-x86_64-win/bin/../lib/gcc/stred/14.1.0/../../../../stred/lib/mcpu-stredl/mfp32-format-ieee\libc_nano.a(lib_a-signalr.o)
                0x0001339c                _getpid_r
 *fill*         0x000133aa        0x2 
 .text._exit    0x000133ac       0x16 C:/ST/ispu-toolchain-1.6.0-x86_64-win/bin/../lib/gcc/stred/14.1.0/../../../../stred/lib/mcpu-stredl/mfp32-format-ieee\libsim.a(syscalls.o)
                0x000133ac                _exit
 *fill*         0x000133c2        0x2 
 .text._kill    0x000133c4        0x4 C:/ST/ispu-toolchain-1.6.0-x86_64-win/bin/../lib/gcc/stred/14.1.0/../../../../stred/lib/mcpu-stredl/mfp32-format-ieee\libsim.a(syscalls.o)
                0x000133c4                _kill
 .text._getpid  0x000133c8        0x4 C:/ST/ispu-toolchain-1.6.0-x86_64-win/bin/../lib/gcc/stred/14.1.0/../../../../stred/lib/mcpu-stredl/mfp32-format-ieee\libsim.a(syscalls.o)
                0x000133c8                _getpid
 .text.semihosting_handler
                0x000133cc        0x4 C:/ST/ispu-toolchain-1.6.0-x86_64-win/bin/../lib/gcc/stred/14.1.0/../../../../stred/lib/mcpu-stredl/mfp32-format-ieee\libsim.a(syscalls.o)
                0x000133cc                semihosting_handler
                0x000133d0                        . = ALIGN (0x4)
                [!provide]                        PROVIDE (_etext = .)

.rodata         0x000133d0     0x1a34
 *(.rodata .rodata.* .gnu.linkonce.r.*)
 .rodata        0x000133d0      0x120 network.o
 .rodata._network_context.0
                0x000134f0       0x30 network.o
 .rodata.gemm_17_chain
                0x00013520        0x8 network.o
 .rodata.gemm_16_chain
                0x00013528        0x8 network.o
 .rodata.pool_15_chain
                0x00013530        0x8 network.o
 .rodata.__compound_literal.62
                0x00013538        0x8 network.o
 .rodata.__compound_literal.61
                0x00013540        0x5 network.o
 *fill*         0x00013545        0x3 
 .rodata.__compound_literal.60
                0x00013548       0x14 network.o
 .rodata.__compound_literal.59
                0x0001355c        0x8 network.o
 .rodata.__compound_literal.58
                0x00013564        0x1 network.o
 *fill*         0x00013565        0x3 
 .rodata.__compound_literal.57
                0x00013568        0x4 network.o
 .rodata.__compound_literal.56
                0x0001356c        0x8 network.o
 .rodata.__compound_literal.55
                0x00013574       0x20 network.o
 .rodata.__compound_literal.54
                0x00013594       0x80 network.o
 .rodata.__compound_literal.53
                0x00013614        0x8 network.o
 .rodata.__compound_literal.52
                0x0001361c        0x1 network.o
 *fill*         0x0001361d        0x3 
 .rodata.__compound_literal.51
                0x00013620        0x4 network.o
 .rodata.__compound_literal.50
                0x00013624        0x8 network.o
 .rodata.__compound_literal.49
                0x0001362c        0x1 network.o
 *fill*         0x0001362d        0x3 
 .rodata.__compound_literal.48
                0x00013630        0x4 network.o
 .rodata.__compound_literal.47
                0x00013634        0x8 network.o
 .rodata.__compound_literal.46
                0x0001363c        0x1 network.o
 *fill*         0x0001363d        0x3 
 .rodata.__compound_literal.45
                0x00013640        0x4 network.o
 *fill*         0x00013644        0x4 
 .rodata.g_network_weights_array
                0x00013648     0x1638 network_data.o
                0x00013648                g_network_weights_array
 .rodata.__divsf3
                0x00014c80       0x7c C:/ST/ispu-toolchain-1.6.0-x86_64-win/bin/../lib/gcc/stred/14.1.0/mcpu-stredl/mfp32-format-ieee\libgcc.a(divsf3.o)
 .rodata.__clz_tab
                0x00014cfc      0x100 C:/ST/ispu-toolchain-1.6.0-x86_64-win/bin/../lib/gcc/stred/14.1.0/mcpu-stredl/mfp32-format-ieee\libgcc.a(_clz.o)
                0x00014cfc                __clz_tab
 .rodata._global_impure_ptr
                0x00014dfc        0x4 C:/ST/ispu-toolchain-1.6.0-x86_64-win/bin/../lib/gcc/stred/14.1.0/../../../../stred/lib/mcpu-stredl/mfp32-format-ieee\libc_nano.a(lib_a-impure.o)
                0x00014dfc                _global_impure_ptr
 .rodata.str1.4
                0x00014e00        0x2 C:/ST/ispu-toolchain-1.6.0-x86_64-win/bin/../lib/gcc/stred/14.1.0/../../../../stred/lib/mcpu-stredl/mfp32-format-ieee\libc_nano.a(lib_a-impure.o)
                0x00014e04                        . = ALIGN (0x4)
 *fill*         0x00014e02        0x2 
                [!provide]                        PROVIDE (_erodata = .)

.data           0x00000000      0x4c8
 *(.data .data.* .gnu.linkonce.d.*)
 .data.gemm_17_layer
                0x00000000       0x20 network.o
 .data.__compound_literal.98
                0x00000020       0x30 network.o
 .data.__compound_literal.97
                0x00000050        0x4 network.o
 .data.__compound_literal.96
                0x00000054        0x8 network.o
 .data.__compound_literal.95
                0x0000005c        0x4 network.o
 .data.__compound_literal.94
                0x00000060        0x4 network.o
 .data.gemm_16_layer
                0x00000064       0x20 network.o
 .data.__compound_literal.93
                0x00000084       0x30 network.o
 .data.__compound_literal.92
                0x000000b4        0x4 network.o
 .data.__compound_literal.91
                0x000000b8        0x8 network.o
 .data.__compound_literal.90
                0x000000c0        0x4 network.o
 .data.__compound_literal.89
                0x000000c4        0x4 network.o
 .data.pool_15_layer
                0x000000c8       0x38 network.o
 .data.__compound_literal.87
                0x00000100       0x30 network.o
 .data.__compound_literal.84
                0x00000130        0x4 network.o
 .data.__compound_literal.83
                0x00000134        0x4 network.o
 .data.gemm_17_weights
                0x00000138       0x1c network.o
 .data.__compound_literal.82
                0x00000154       0x10 network.o
 .data.__compound_literal.81
                0x00000164       0x10 network.o
 .data.gemm_17_scratch0
                0x00000174       0x1c network.o
 .data.__compound_literal.80
                0x00000190       0x10 network.o
 .data.__compound_literal.79
                0x000001a0       0x10 network.o
 .data.gemm_17_output
                0x000001b0       0x1c network.o
 .data.__compound_literal.78
                0x000001cc       0x10 network.o
 .data.__compound_literal.77
                0x000001dc       0x10 network.o
 .data.gemm_17_bias
                0x000001ec       0x1c network.o
 .data.__compound_literal.76
                0x00000208       0x10 network.o
 .data.__compound_literal.75
                0x00000218       0x10 network.o
 .data.gemm_16_weights
                0x00000228       0x1c network.o
 .data.__compound_literal.74
                0x00000244       0x10 network.o
 .data.__compound_literal.73
                0x00000254       0x10 network.o
 .data.gemm_16_scratch0
                0x00000264       0x1c network.o
 .data.__compound_literal.72
                0x00000280       0x10 network.o
 .data.__compound_literal.71
                0x00000290       0x10 network.o
 .data.gemm_16_output
                0x000002a0       0x1c network.o
 .data.__compound_literal.70
                0x000002bc       0x10 network.o
 .data.__compound_literal.69
                0x000002cc       0x10 network.o
 .data.gemm_16_bias
                0x000002dc       0x1c network.o
 .data.__compound_literal.68
                0x000002f8       0x10 network.o
 .data.__compound_literal.67
                0x00000308       0x10 network.o
 .data.pool_15_output
                0x00000318       0x1c network.o
 .data.__compound_literal.66
                0x00000334       0x10 network.o
 .data.__compound_literal.65
                0x00000344       0x10 network.o
 .data.conv2d_13_output0
                0x00000354       0x1c network.o
 .data.__compound_literal.64
                0x00000370       0x10 network.o
 .data.__compound_literal.63
                0x00000380       0x10 network.o
 .data.gemm_17_scratch0_array
                0x00000390       0x10 network.o
 .data.gemm_17_bias_array
                0x000003a0       0x10 network.o
 .data.gemm_17_weights_array
                0x000003b0       0x10 network.o
 .data.gemm_17_output_array
                0x000003c0       0x10 network.o
 .data.gemm_16_scratch0_array
                0x000003d0       0x10 network.o
 .data.gemm_16_bias_array
                0x000003e0       0x10 network.o
 .data.gemm_16_weights_array
                0x000003f0       0x10 network.o
 .data.gemm_16_output_array
                0x00000400       0x10 network.o
 .data.pool_15_output_array
                0x00000410       0x10 network.o
 .data.conv2d_13_output_array
                0x00000420       0x10 network.o
 .data.gemm_17_weights_array_intq
                0x00000430        0x8 network.o
 .data.gemm_17_output_array_intq
                0x00000438        0x8 network.o
 .data.gemm_16_weights_array_intq
                0x00000440        0x8 network.o
 .data.gemm_16_output_array_intq
                0x00000448        0x8 network.o
 .data.pool_15_output_array_intq
                0x00000450        0x8 network.o
 .data.conv2d_13_output_array_intq
                0x00000458        0x8 network.o
 .data.g_lite_core_errors
                0x00000460        0x4 C:\ST\STEdgeAI\4.0\Utilities\windows\targets\ispu\runtime\lib\imu22\libNetworkRuntime_ISPU_STRED_GCC.a(lite_core_errors.o)
 .data._impure_ptr
                0x00000464        0x4 C:/ST/ispu-toolchain-1.6.0-x86_64-win/bin/../lib/gcc/stred/14.1.0/../../../../stred/lib/mcpu-stredl/mfp32-format-ieee\libc_nano.a(lib_a-impure.o)
                0x00000464                _impure_ptr
 .data.impure_data
                0x00000468       0x60 C:/ST/ispu-toolchain-1.6.0-x86_64-win/bin/../lib/gcc/stred/14.1.0/../../../../stred/lib/mcpu-stredl/mfp32-format-ieee\libc_nano.a(lib_a-impure.o)
                0x000004c8                        . = ALIGN (0x4)
                0x000004c8                        _data = .
                0x000004c8                        PROVIDE (_edata = .)
                [!provide]                        PROVIDE (_bss_start = .)
                [!provide]                        PROVIDE (__bss_start = .)

.bss            0x000004c8     0x1b1c
 *(.bss .bss.* .gnu.linkonce.b.*)
 .bss.__compound_literal.88
                0x000004c8       0x10 network.o
 .bss.__compound_literal.86
                0x000004d8        0x4 network.o
 .bss.__compound_literal.85
                0x000004dc        0x4 network.o
 .bss.m_acts    0x000004e0        0x4 stedgeai_app_main.o
 .bss.m_outputs
                0x000004e4        0x4 stedgeai_app_main.o
 .bss.m_inputs  0x000004e8        0x4 stedgeai_app_main.o
 .bss.activations_1
                0x000004ec     0x1ac0 stedgeai_app_main.o
 *fill*         0x00001fac        0x4 
 .bss.m_network
                0x00001fb0       0x30 stedgeai_app_main.o
                0x00001fb0                m_network
 .bss.errno     0x00001fe0        0x4 C:/ST/ispu-toolchain-1.6.0-x86_64-win/bin/../lib/gcc/stred/14.1.0/../../../../stred/lib/mcpu-stredl/mfp32-format-ieee\libc_nano.a(lib_a-reent.o)
                0x00001fe0                errno
 *(COMMON)
                0x00001fe4                        . = ALIGN (0x4)
                0x00001fe4                        PROVIDE (_ebss = .)
                0x00001fe4                        PROVIDE (_end = .)

.ctors          0x00001fe4        0x0
                0x00001fe4                        __ctors = .
 *crtbegin.o(.ctors)
 *crtbegin?.o(.ctors)
 *(EXCLUDE_FILE(*crtend?.o *crtend.o) .ctors)
 *(SORT_BY_NAME(.ctors.*))
 *(.ctors)
                0x00001fe4                        __ctors_end = .

.dtors          0x00001fe4        0x0
                0x00001fe4                        __dtors = .
 *crtbegin.o(.dtors)
 *crtbegin?.o(.dtors)
 *(EXCLUDE_FILE(*crtend?.o *crtend.o) .dtors)
 *(SORT_BY_NAME(.dtors.*))
 *(.dtors)
                0x00001fe4                        __dtors_end = .
                0x00006800                        __ctrl_reg_base = ORIGIN (CTRL)
                0x00000000                        _ram_begin = ORIGIN (RAM)
                0x00002000                        _ram_end = (ORIGIN (RAM) + LENGTH (RAM))
                0x00002000                        _stack = _ram_end
                0x000004c8                        BSS_VMA = ADDR (.bss)
                0x000100f8                        TEXT_VMA = ADDR (.text)
                0x000100f8                        TEXT_LMA = LOADADDR (.text)
                0x000133d0                        RODATA_VMA = ADDR (.rodata)
                0x000133d0                        RODATA_LMA = LOADADDR (.rodata)
                0x00000000                        DATA_VMA = ADDR (.data)
                0x00000000                        DATA_LMA = LOADADDR (.data)
                0x00000000                        _arg0 = DATA_LMA
                0x00000004                        _arg1 = (DATA_LMA + 0x4)
                0x00000008                        _arg2 = (DATA_LMA + 0x8)
                0x0000000c                        _arg3 = (DATA_LMA + 0xc)
                0x00020000                        STOP_CLOCK = 0x20000
OUTPUT(network.elf elf32-stred)

.comment        0x00000000       0x12
 .comment       0x00000000       0x12 network.o
                                 0x13 (size before relaxing)
 .comment       0x00000012       0x13 network_data.o
 .comment       0x00000012       0x13 stedgeai_app_main.o
 .comment       0x00000012       0x13 C:\ST\STEdgeAI\4.0\Utilities\windows\targets\ispu\runtime\lib\imu22\libNetworkRuntime_ISPU_STRED_GCC.a(forward_lite_conv2d_sssa8_ch.o)
 .comment       0x00000012       0x13 C:\ST\STEdgeAI\4.0\Utilities\windows\targets\ispu\runtime\lib\imu22\libNetworkRuntime_ISPU_STRED_GCC.a(forward_lite_maxpool_is8os8_scalepos.o)
 .comment       0x00000012       0x13 C:\ST\STEdgeAI\4.0\Utilities\windows\targets\ispu\runtime\lib\imu22\libNetworkRuntime_ISPU_STRED_GCC.a(layers_conv2d_stm32_integer.o)
 .comment       0x00000012       0x13 C:\ST\STEdgeAI\4.0\Utilities\windows\targets\ispu\runtime\lib\imu22\libNetworkRuntime_ISPU_STRED_GCC.a(layers_pool_stm32_integer.o)
 .comment       0x00000012       0x13 C:\ST\STEdgeAI\4.0\Utilities\windows\targets\ispu\runtime\lib\imu22\libNetworkRuntime_ISPU_STRED_GCC.a(st_align_factor.o)
 .comment       0x00000012       0x13 C:\ST\STEdgeAI\4.0\Utilities\windows\targets\ispu\runtime\lib\imu22\libNetworkRuntime_ISPU_STRED_GCC.a(st_convolve_reference.o)
 .comment       0x00000012       0x13 C:\ST\STEdgeAI\4.0\Utilities\windows\targets\ispu\runtime\lib\imu22\libNetworkRuntime_ISPU_STRED_GCC.a(forward_lite_avepool_is8os8.o)
 .comment       0x00000012       0x13 C:\ST\STEdgeAI\4.0\Utilities\windows\targets\ispu\runtime\lib\imu22\libNetworkRuntime_ISPU_STRED_GCC.a(forward_lite_dense_is8os8ws8_ch.o)
 .comment       0x00000012       0x13 C:\ST\STEdgeAI\4.0\Utilities\windows\targets\ispu\runtime\lib\imu22\libNetworkRuntime_ISPU_STRED_GCC.a(lite_core_errors.o)
 .comment       0x00000012       0x13 C:\ST\STEdgeAI\4.0\Utilities\windows\targets\ispu\runtime\lib\imu22\libNetworkRuntime_ISPU_STRED_GCC.a(st_int8_pool.o)
 .comment       0x00000012       0x13 C:\ST\STEdgeAI\4.0\Utilities\windows\targets\ispu\runtime\lib\imu22\libNetworkRuntime_ISPU_STRED_GCC.a(st_sssa8_ch_dense.o)
 .comment       0x00000012       0x13 C:/ST/ispu-toolchain-1.6.0-x86_64-win/bin/../lib/gcc/stred/14.1.0/mcpu-stredl/mfp32-format-ieee\libgcc.a(divmod.o)
 .comment       0x00000012       0x13 C:/ST/ispu-toolchain-1.6.0-x86_64-win/bin/../lib/gcc/stred/14.1.0/mcpu-stredl/mfp32-format-ieee\libgcc.a(divsf3.o)
 .comment       0x00000012       0x13 C:/ST/ispu-toolchain-1.6.0-x86_64-win/bin/../lib/gcc/stred/14.1.0/mcpu-stredl/mfp32-format-ieee\libgcc.a(eqsf2.o)
 .comment       0x00000012       0x13 C:/ST/ispu-toolchain-1.6.0-x86_64-win/bin/../lib/gcc/stred/14.1.0/mcpu-stredl/mfp32-format-ieee\libgcc.a(gesf2.o)
 .comment       0x00000012       0x13 C:/ST/ispu-toolchain-1.6.0-x86_64-win/bin/../lib/gcc/stred/14.1.0/mcpu-stredl/mfp32-format-ieee\libgcc.a(fixsfsi.o)
 .comment       0x00000012       0x13 C:/ST/ispu-toolchain-1.6.0-x86_64-win/bin/../lib/gcc/stred/14.1.0/mcpu-stredl/mfp32-format-ieee\libgcc.a(floatsisf.o)
 .comment       0x00000012       0x13 C:/ST/ispu-toolchain-1.6.0-x86_64-win/bin/../lib/gcc/stred/14.1.0/mcpu-stredl/mfp32-format-ieee\libgcc.a(_clzsi2.o)
 .comment       0x00000012       0x13 C:/ST/ispu-toolchain-1.6.0-x86_64-win/bin/../lib/gcc/stred/14.1.0/mcpu-stredl/mfp32-format-ieee\libgcc.a(udivmodsi4.o)
 .comment       0x00000012       0x13 C:/ST/ispu-toolchain-1.6.0-x86_64-win/bin/../lib/gcc/stred/14.1.0/mcpu-stredl/mfp32-format-ieee\libgcc.a(_clz.o)
 .comment       0x00000012       0x13 C:/ST/ispu-toolchain-1.6.0-x86_64-win/bin/../lib/gcc/stred/14.1.0/../../../../stred/lib/mcpu-stredl/mfp32-format-ieee\libc_nano.a(lib_a-abort.o)
 .comment       0x00000012       0x13 C:/ST/ispu-toolchain-1.6.0-x86_64-win/bin/../lib/gcc/stred/14.1.0/../../../../stred/lib/mcpu-stredl/mfp32-format-ieee\libc_nano.a(lib_a-exit.o)
 .comment       0x00000012       0x13 C:/ST/ispu-toolchain-1.6.0-x86_64-win/bin/../lib/gcc/stred/14.1.0/../../../../stred/lib/mcpu-stredl/mfp32-format-ieee\libc_nano.a(lib_a-impure.o)
 .comment       0x00000012       0x13 C:/ST/ispu-toolchain-1.6.0-x86_64-win/bin/../lib/gcc/stred/14.1.0/../../../../stred/lib/mcpu-stredl/mfp32-format-ieee\libc_nano.a(lib_a-memcpy.o)
 .comment       0x00000012       0x13 C:/ST/ispu-toolchain-1.6.0-x86_64-win/bin/../lib/gcc/stred/14.1.0/../../../../stred/lib/mcpu-stredl/mfp32-format-ieee\libc_nano.a(lib_a-signal.o)
 .comment       0x00000012       0x13 C:/ST/ispu-toolchain-1.6.0-x86_64-win/bin/../lib/gcc/stred/14.1.0/../../../../stred/lib/mcpu-stredl/mfp32-format-ieee\libc_nano.a(lib_a-signalr.o)
 .comment       0x00000012       0x13 C:/ST/ispu-toolchain-1.6.0-x86_64-win/bin/../lib/gcc/stred/14.1.0/../../../../stred/lib/mcpu-stredl/mfp32-format-ieee\libc_nano.a(lib_a-reent.o)
 .comment       0x00000012       0x13 C:/ST/ispu-toolchain-1.6.0-x86_64-win/bin/../lib/gcc/stred/14.1.0/../../../../stred/lib/mcpu-stredl/mfp32-format-ieee\libsim.a(syscalls.o)

.debug_info     0x00000000     0x4a6f
 .debug_info    0x00000000      0x164 C:/ST/ispu-toolchain-1.6.0-x86_64-win/bin/../lib/gcc/stred/14.1.0/mcpu-stredl/mfp32-format-ieee\libgcc.a(divmod.o)
 .debug_info    0x00000164      0x326 C:/ST/ispu-toolchain-1.6.0-x86_64-win/bin/../lib/gcc/stred/14.1.0/mcpu-stredl/mfp32-format-ieee\libgcc.a(divsf3.o)
 .debug_info    0x0000048a      0x20f C:/ST/ispu-toolchain-1.6.0-x86_64-win/bin/../lib/gcc/stred/14.1.0/mcpu-stredl/mfp32-format-ieee\libgcc.a(eqsf2.o)
 .debug_info    0x00000699      0x21a C:/ST/ispu-toolchain-1.6.0-x86_64-win/bin/../lib/gcc/stred/14.1.0/mcpu-stredl/mfp32-format-ieee\libgcc.a(gesf2.o)
 .debug_info    0x000008b3      0x1b7 C:/ST/ispu-toolchain-1.6.0-x86_64-win/bin/../lib/gcc/stred/14.1.0/mcpu-stredl/mfp32-format-ieee\libgcc.a(fixsfsi.o)
 .debug_info    0x00000a6a      0x227 C:/ST/ispu-toolchain-1.6.0-x86_64-win/bin/../lib/gcc/stred/14.1.0/mcpu-stredl/mfp32-format-ieee\libgcc.a(floatsisf.o)
 .debug_info    0x00000c91      0x141 C:/ST/ispu-toolchain-1.6.0-x86_64-win/bin/../lib/gcc/stred/14.1.0/mcpu-stredl/mfp32-format-ieee\libgcc.a(_clzsi2.o)
 .debug_info    0x00000dd2       0x9d C:/ST/ispu-toolchain-1.6.0-x86_64-win/bin/../lib/gcc/stred/14.1.0/mcpu-stredl/mfp32-format-ieee\libgcc.a(udivmodsi4.o)
 .debug_info    0x00000e6f       0xd0 C:/ST/ispu-toolchain-1.6.0-x86_64-win/bin/../lib/gcc/stred/14.1.0/mcpu-stredl/mfp32-format-ieee\libgcc.a(_clz.o)
 .debug_info    0x00000f3f       0xd7 C:/ST/ispu-toolchain-1.6.0-x86_64-win/bin/../lib/gcc/stred/14.1.0/../../../../stred/lib/mcpu-stredl/mfp32-format-ieee\libc_nano.a(lib_a-abort.o)
 .debug_info    0x00001016      0x818 C:/ST/ispu-toolchain-1.6.0-x86_64-win/bin/../lib/gcc/stred/14.1.0/../../../../stred/lib/mcpu-stredl/mfp32-format-ieee\libc_nano.a(lib_a-exit.o)
 .debug_info    0x0000182e      0x858 C:/ST/ispu-toolchain-1.6.0-x86_64-win/bin/../lib/gcc/stred/14.1.0/../../../../stred/lib/mcpu-stredl/mfp32-format-ieee\libc_nano.a(lib_a-impure.o)
 .debug_info    0x00002086      0x114 C:/ST/ispu-toolchain-1.6.0-x86_64-win/bin/../lib/gcc/stred/14.1.0/../../../../stred/lib/mcpu-stredl/mfp32-format-ieee\libc_nano.a(lib_a-memcpy.o)
 .debug_info    0x0000219a      0xa88 C:/ST/ispu-toolchain-1.6.0-x86_64-win/bin/../lib/gcc/stred/14.1.0/../../../../stred/lib/mcpu-stredl/mfp32-format-ieee\libc_nano.a(lib_a-signal.o)
 .debug_info    0x00002c22      0x893 C:/ST/ispu-toolchain-1.6.0-x86_64-win/bin/../lib/gcc/stred/14.1.0/../../../../stred/lib/mcpu-stredl/mfp32-format-ieee\libc_nano.a(lib_a-signalr.o)
 .debug_info    0x000034b5      0x967 C:/ST/ispu-toolchain-1.6.0-x86_64-win/bin/../lib/gcc/stred/14.1.0/../../../../stred/lib/mcpu-stredl/mfp32-format-ieee\libc_nano.a(lib_a-reent.o)
 .debug_info    0x00003e1c      0xc53 C:/ST/ispu-toolchain-1.6.0-x86_64-win/bin/../lib/gcc/stred/14.1.0/../../../../stred/lib/mcpu-stredl/mfp32-format-ieee\libsim.a(syscalls.o)

.debug_abbrev   0x00000000     0x1708
 .debug_abbrev  0x00000000       0xd3 C:/ST/ispu-toolchain-1.6.0-x86_64-win/bin/../lib/gcc/stred/14.1.0/mcpu-stredl/mfp32-format-ieee\libgcc.a(divmod.o)
 .debug_abbrev  0x000000d3      0x155 C:/ST/ispu-toolchain-1.6.0-x86_64-win/bin/../lib/gcc/stred/14.1.0/mcpu-stredl/mfp32-format-ieee\libgcc.a(divsf3.o)
 .debug_abbrev  0x00000228      0x13a C:/ST/ispu-toolchain-1.6.0-x86_64-win/bin/../lib/gcc/stred/14.1.0/mcpu-stredl/mfp32-format-ieee\libgcc.a(eqsf2.o)
 .debug_abbrev  0x00000362      0x14d C:/ST/ispu-toolchain-1.6.0-x86_64-win/bin/../lib/gcc/stred/14.1.0/mcpu-stredl/mfp32-format-ieee\libgcc.a(gesf2.o)
 .debug_abbrev  0x000004af      0x13a C:/ST/ispu-toolchain-1.6.0-x86_64-win/bin/../lib/gcc/stred/14.1.0/mcpu-stredl/mfp32-format-ieee\libgcc.a(fixsfsi.o)
 .debug_abbrev  0x000005e9      0x15f C:/ST/ispu-toolchain-1.6.0-x86_64-win/bin/../lib/gcc/stred/14.1.0/mcpu-stredl/mfp32-format-ieee\libgcc.a(floatsisf.o)
 .debug_abbrev  0x00000748       0xbb C:/ST/ispu-toolchain-1.6.0-x86_64-win/bin/../lib/gcc/stred/14.1.0/mcpu-stredl/mfp32-format-ieee\libgcc.a(_clzsi2.o)
 .debug_abbrev  0x00000803       0x7b C:/ST/ispu-toolchain-1.6.0-x86_64-win/bin/../lib/gcc/stred/14.1.0/mcpu-stredl/mfp32-format-ieee\libgcc.a(udivmodsi4.o)
 .debug_abbrev  0x0000087e       0x70 C:/ST/ispu-toolchain-1.6.0-x86_64-win/bin/../lib/gcc/stred/14.1.0/mcpu-stredl/mfp32-format-ieee\libgcc.a(_clz.o)
 .debug_abbrev  0x000008ee       0xa1 C:/ST/ispu-toolchain-1.6.0-x86_64-win/bin/../lib/gcc/stred/14.1.0/../../../../stred/lib/mcpu-stredl/mfp32-format-ieee\libc_nano.a(lib_a-abort.o)
 .debug_abbrev  0x0000098f      0x1b1 C:/ST/ispu-toolchain-1.6.0-x86_64-win/bin/../lib/gcc/stred/14.1.0/../../../../stred/lib/mcpu-stredl/mfp32-format-ieee\libc_nano.a(lib_a-exit.o)
 .debug_abbrev  0x00000b40      0x148 C:/ST/ispu-toolchain-1.6.0-x86_64-win/bin/../lib/gcc/stred/14.1.0/../../../../stred/lib/mcpu-stredl/mfp32-format-ieee\libc_nano.a(lib_a-impure.o)
 .debug_abbrev  0x00000c88       0xb7 C:/ST/ispu-toolchain-1.6.0-x86_64-win/bin/../lib/gcc/stred/14.1.0/../../../../stred/lib/mcpu-stredl/mfp32-format-ieee\libc_nano.a(lib_a-memcpy.o)
 .debug_abbrev  0x00000d3f      0x1fd C:/ST/ispu-toolchain-1.6.0-x86_64-win/bin/../lib/gcc/stred/14.1.0/../../../../stred/lib/mcpu-stredl/mfp32-format-ieee\libc_nano.a(lib_a-signal.o)
 .debug_abbrev  0x00000f3c      0x1d3 C:/ST/ispu-toolchain-1.6.0-x86_64-win/bin/../lib/gcc/stred/14.1.0/../../../../stred/lib/mcpu-stredl/mfp32-format-ieee\libc_nano.a(lib_a-signalr.o)
 .debug_abbrev  0x0000110f      0x20a C:/ST/ispu-toolchain-1.6.0-x86_64-win/bin/../lib/gcc/stred/14.1.0/../../../../stred/lib/mcpu-stredl/mfp32-format-ieee\libc_nano.a(lib_a-reent.o)
 .debug_abbrev  0x00001319      0x3ef C:/ST/ispu-toolchain-1.6.0-x86_64-win/bin/../lib/gcc/stred/14.1.0/../../../../stred/lib/mcpu-stredl/mfp32-format-ieee\libsim.a(syscalls.o)

.debug_loc      0x00000000     0x1e94
 .debug_loc     0x00000000      0x1e1 C:/ST/ispu-toolchain-1.6.0-x86_64-win/bin/../lib/gcc/stred/14.1.0/mcpu-stredl/mfp32-format-ieee\libgcc.a(divmod.o)
 .debug_loc     0x000001e1      0x879 C:/ST/ispu-toolchain-1.6.0-x86_64-win/bin/../lib/gcc/stred/14.1.0/mcpu-stredl/mfp32-format-ieee\libgcc.a(divsf3.o)
 .debug_loc     0x00000a5a       0xfe C:/ST/ispu-toolchain-1.6.0-x86_64-win/bin/../lib/gcc/stred/14.1.0/mcpu-stredl/mfp32-format-ieee\libgcc.a(eqsf2.o)
 .debug_loc     0x00000b58      0x223 C:/ST/ispu-toolchain-1.6.0-x86_64-win/bin/../lib/gcc/stred/14.1.0/mcpu-stredl/mfp32-format-ieee\libgcc.a(gesf2.o)
 .debug_loc     0x00000d7b      0x157 C:/ST/ispu-toolchain-1.6.0-x86_64-win/bin/../lib/gcc/stred/14.1.0/mcpu-stredl/mfp32-format-ieee\libgcc.a(fixsfsi.o)
 .debug_loc     0x00000ed2      0x344 C:/ST/ispu-toolchain-1.6.0-x86_64-win/bin/../lib/gcc/stred/14.1.0/mcpu-stredl/mfp32-format-ieee\libgcc.a(floatsisf.o)
 .debug_loc     0x00001216      0x15c C:/ST/ispu-toolchain-1.6.0-x86_64-win/bin/../lib/gcc/stred/14.1.0/mcpu-stredl/mfp32-format-ieee\libgcc.a(_clzsi2.o)
 .debug_loc     0x00001372       0xc8 C:/ST/ispu-toolchain-1.6.0-x86_64-win/bin/../lib/gcc/stred/14.1.0/mcpu-stredl/mfp32-format-ieee\libgcc.a(udivmodsi4.o)
 .debug_loc     0x0000143a       0x1e C:/ST/ispu-toolchain-1.6.0-x86_64-win/bin/../lib/gcc/stred/14.1.0/../../../../stred/lib/mcpu-stredl/mfp32-format-ieee\libc_nano.a(lib_a-exit.o)
 .debug_loc     0x00001458       0xbe C:/ST/ispu-toolchain-1.6.0-x86_64-win/bin/../lib/gcc/stred/14.1.0/../../../../stred/lib/mcpu-stredl/mfp32-format-ieee\libc_nano.a(lib_a-memcpy.o)
 .debug_loc     0x00001516      0x3c5 C:/ST/ispu-toolchain-1.6.0-x86_64-win/bin/../lib/gcc/stred/14.1.0/../../../../stred/lib/mcpu-stredl/mfp32-format-ieee\libc_nano.a(lib_a-signal.o)
 .debug_loc     0x000018db       0xbd C:/ST/ispu-toolchain-1.6.0-x86_64-win/bin/../lib/gcc/stred/14.1.0/../../../../stred/lib/mcpu-stredl/mfp32-format-ieee\libc_nano.a(lib_a-signalr.o)
 .debug_loc     0x00001998       0xdd C:/ST/ispu-toolchain-1.6.0-x86_64-win/bin/../lib/gcc/stred/14.1.0/../../../../stred/lib/mcpu-stredl/mfp32-format-ieee\libc_nano.a(lib_a-reent.o)
 .debug_loc     0x00001a75      0x41f C:/ST/ispu-toolchain-1.6.0-x86_64-win/bin/../lib/gcc/stred/14.1.0/../../../../stred/lib/mcpu-stredl/mfp32-format-ieee\libsim.a(syscalls.o)

.debug_aranges  0x00000000      0x338
 .debug_aranges
                0x00000000       0x28 C:/ST/ispu-toolchain-1.6.0-x86_64-win/bin/../lib/gcc/stred/14.1.0/mcpu-stredl/mfp32-format-ieee\libgcc.a(divmod.o)
 .debug_aranges
                0x00000028       0x20 C:/ST/ispu-toolchain-1.6.0-x86_64-win/bin/../lib/gcc/stred/14.1.0/mcpu-stredl/mfp32-format-ieee\libgcc.a(divsf3.o)
 .debug_aranges
                0x00000048       0x20 C:/ST/ispu-toolchain-1.6.0-x86_64-win/bin/../lib/gcc/stred/14.1.0/mcpu-stredl/mfp32-format-ieee\libgcc.a(eqsf2.o)
 .debug_aranges
                0x00000068       0x20 C:/ST/ispu-toolchain-1.6.0-x86_64-win/bin/../lib/gcc/stred/14.1.0/mcpu-stredl/mfp32-format-ieee\libgcc.a(gesf2.o)
 .debug_aranges
                0x00000088       0x20 C:/ST/ispu-toolchain-1.6.0-x86_64-win/bin/../lib/gcc/stred/14.1.0/mcpu-stredl/mfp32-format-ieee\libgcc.a(fixsfsi.o)
 .debug_aranges
                0x000000a8       0x20 C:/ST/ispu-toolchain-1.6.0-x86_64-win/bin/../lib/gcc/stred/14.1.0/mcpu-stredl/mfp32-format-ieee\libgcc.a(floatsisf.o)
 .debug_aranges
                0x000000c8       0x20 C:/ST/ispu-toolchain-1.6.0-x86_64-win/bin/../lib/gcc/stred/14.1.0/mcpu-stredl/mfp32-format-ieee\libgcc.a(_clzsi2.o)
 .debug_aranges
                0x000000e8       0x20 C:/ST/ispu-toolchain-1.6.0-x86_64-win/bin/../lib/gcc/stred/14.1.0/mcpu-stredl/mfp32-format-ieee\libgcc.a(udivmodsi4.o)
 .debug_aranges
                0x00000108       0x18 C:/ST/ispu-toolchain-1.6.0-x86_64-win/bin/../lib/gcc/stred/14.1.0/mcpu-stredl/mfp32-format-ieee\libgcc.a(_clz.o)
 .debug_aranges
                0x00000120       0x20 C:/ST/ispu-toolchain-1.6.0-x86_64-win/bin/../lib/gcc/stred/14.1.0/../../../../stred/lib/mcpu-stredl/mfp32-format-ieee\libc_nano.a(lib_a-abort.o)
 .debug_aranges
                0x00000140       0x20 C:/ST/ispu-toolchain-1.6.0-x86_64-win/bin/../lib/gcc/stred/14.1.0/../../../../stred/lib/mcpu-stredl/mfp32-format-ieee\libc_nano.a(lib_a-exit.o)
 .debug_aranges
                0x00000160       0x18 C:/ST/ispu-toolchain-1.6.0-x86_64-win/bin/../lib/gcc/stred/14.1.0/../../../../stred/lib/mcpu-stredl/mfp32-format-ieee\libc_nano.a(lib_a-impure.o)
 .debug_aranges
                0x00000178       0x20 C:/ST/ispu-toolchain-1.6.0-x86_64-win/bin/../lib/gcc/stred/14.1.0/../../../../stred/lib/mcpu-stredl/mfp32-format-ieee\libc_nano.a(lib_a-memcpy.o)
 .debug_aranges
                0x00000198       0x58 C:/ST/ispu-toolchain-1.6.0-x86_64-win/bin/../lib/gcc/stred/14.1.0/../../../../stred/lib/mcpu-stredl/mfp32-format-ieee\libc_nano.a(lib_a-signal.o)
 .debug_aranges
                0x000001f0       0x28 C:/ST/ispu-toolchain-1.6.0-x86_64-win/bin/../lib/gcc/stred/14.1.0/../../../../stred/lib/mcpu-stredl/mfp32-format-ieee\libc_nano.a(lib_a-signalr.o)
 .debug_aranges
                0x00000218       0x28 C:/ST/ispu-toolchain-1.6.0-x86_64-win/bin/../lib/gcc/stred/14.1.0/../../../../stred/lib/mcpu-stredl/mfp32-format-ieee\libc_nano.a(lib_a-reent.o)
 .debug_aranges
                0x00000240       0xf8 C:/ST/ispu-toolchain-1.6.0-x86_64-win/bin/../lib/gcc/stred/14.1.0/../../../../stred/lib/mcpu-stredl/mfp32-format-ieee\libsim.a(syscalls.o)

.debug_ranges   0x00000000      0x5e8
 .debug_ranges  0x00000000       0x18 C:/ST/ispu-toolchain-1.6.0-x86_64-win/bin/../lib/gcc/stred/14.1.0/mcpu-stredl/mfp32-format-ieee\libgcc.a(divmod.o)
 .debug_ranges  0x00000018      0x100 C:/ST/ispu-toolchain-1.6.0-x86_64-win/bin/../lib/gcc/stred/14.1.0/mcpu-stredl/mfp32-format-ieee\libgcc.a(divsf3.o)
 .debug_ranges  0x00000118       0x78 C:/ST/ispu-toolchain-1.6.0-x86_64-win/bin/../lib/gcc/stred/14.1.0/mcpu-stredl/mfp32-format-ieee\libgcc.a(eqsf2.o)
 .debug_ranges  0x00000190       0xb8 C:/ST/ispu-toolchain-1.6.0-x86_64-win/bin/../lib/gcc/stred/14.1.0/mcpu-stredl/mfp32-format-ieee\libgcc.a(gesf2.o)
 .debug_ranges  0x00000248       0x40 C:/ST/ispu-toolchain-1.6.0-x86_64-win/bin/../lib/gcc/stred/14.1.0/mcpu-stredl/mfp32-format-ieee\libgcc.a(fixsfsi.o)
 .debug_ranges  0x00000288      0x118 C:/ST/ispu-toolchain-1.6.0-x86_64-win/bin/../lib/gcc/stred/14.1.0/mcpu-stredl/mfp32-format-ieee\libgcc.a(floatsisf.o)
 .debug_ranges  0x000003a0       0x58 C:/ST/ispu-toolchain-1.6.0-x86_64-win/bin/../lib/gcc/stred/14.1.0/mcpu-stredl/mfp32-format-ieee\libgcc.a(_clzsi2.o)
 .debug_ranges  0x000003f8       0x10 C:/ST/ispu-toolchain-1.6.0-x86_64-win/bin/../lib/gcc/stred/14.1.0/mcpu-stredl/mfp32-format-ieee\libgcc.a(udivmodsi4.o)
 .debug_ranges  0x00000408       0x10 C:/ST/ispu-toolchain-1.6.0-x86_64-win/bin/../lib/gcc/stred/14.1.0/../../../../stred/lib/mcpu-stredl/mfp32-format-ieee\libc_nano.a(lib_a-abort.o)
 .debug_ranges  0x00000418       0x10 C:/ST/ispu-toolchain-1.6.0-x86_64-win/bin/../lib/gcc/stred/14.1.0/../../../../stred/lib/mcpu-stredl/mfp32-format-ieee\libc_nano.a(lib_a-exit.o)
 .debug_ranges  0x00000428       0x10 C:/ST/ispu-toolchain-1.6.0-x86_64-win/bin/../lib/gcc/stred/14.1.0/../../../../stred/lib/mcpu-stredl/mfp32-format-ieee\libc_nano.a(lib_a-memcpy.o)
 .debug_ranges  0x00000438       0x48 C:/ST/ispu-toolchain-1.6.0-x86_64-win/bin/../lib/gcc/stred/14.1.0/../../../../stred/lib/mcpu-stredl/mfp32-format-ieee\libc_nano.a(lib_a-signal.o)
 .debug_ranges  0x00000480       0x18 C:/ST/ispu-toolchain-1.6.0-x86_64-win/bin/../lib/gcc/stred/14.1.0/../../../../stred/lib/mcpu-stredl/mfp32-format-ieee\libc_nano.a(lib_a-signalr.o)
 .debug_ranges  0x00000498       0x48 C:/ST/ispu-toolchain-1.6.0-x86_64-win/bin/../lib/gcc/stred/14.1.0/../../../../stred/lib/mcpu-stredl/mfp32-format-ieee\libc_nano.a(lib_a-reent.o)
 .debug_ranges  0x000004e0      0x108 C:/ST/ispu-toolchain-1.6.0-x86_64-win/bin/../lib/gcc/stred/14.1.0/../../../../stred/lib/mcpu-stredl/mfp32-format-ieee\libsim.a(syscalls.o)

.debug_line     0x00000000     0x5393
 .debug_line    0x00000000      0x320 C:/ST/ispu-toolchain-1.6.0-x86_64-win/bin/../lib/gcc/stred/14.1.0/mcpu-stredl/mfp32-format-ieee\libgcc.a(divmod.o)
 .debug_line    0x00000320      0xfeb C:/ST/ispu-toolchain-1.6.0-x86_64-win/bin/../lib/gcc/stred/14.1.0/mcpu-stredl/mfp32-format-ieee\libgcc.a(divsf3.o)
 .debug_line    0x0000130b      0x422 C:/ST/ispu-toolchain-1.6.0-x86_64-win/bin/../lib/gcc/stred/14.1.0/mcpu-stredl/mfp32-format-ieee\libgcc.a(eqsf2.o)
 .debug_line    0x0000172d      0x62b C:/ST/ispu-toolchain-1.6.0-x86_64-win/bin/../lib/gcc/stred/14.1.0/mcpu-stredl/mfp32-format-ieee\libgcc.a(gesf2.o)
 .debug_line    0x00001d58      0x368 C:/ST/ispu-toolchain-1.6.0-x86_64-win/bin/../lib/gcc/stred/14.1.0/mcpu-stredl/mfp32-format-ieee\libgcc.a(fixsfsi.o)
 .debug_line    0x000020c0      0x59b C:/ST/ispu-toolchain-1.6.0-x86_64-win/bin/../lib/gcc/stred/14.1.0/mcpu-stredl/mfp32-format-ieee\libgcc.a(floatsisf.o)
 .debug_line    0x0000265b      0x20a C:/ST/ispu-toolchain-1.6.0-x86_64-win/bin/../lib/gcc/stred/14.1.0/mcpu-stredl/mfp32-format-ieee\libgcc.a(_clzsi2.o)
 .debug_line    0x00002865      0x234 C:/ST/ispu-toolchain-1.6.0-x86_64-win/bin/../lib/gcc/stred/14.1.0/mcpu-stredl/mfp32-format-ieee\libgcc.a(udivmodsi4.o)
 .debug_line    0x00002a99       0x8c C:/ST/ispu-toolchain-1.6.0-x86_64-win/bin/../lib/gcc/stred/14.1.0/mcpu-stredl/mfp32-format-ieee\libgcc.a(_clz.o)
 .debug_line    0x00002b25      0x1ba C:/ST/ispu-toolchain-1.6.0-x86_64-win/bin/../lib/gcc/stred/14.1.0/../../../../stred/lib/mcpu-stredl/mfp32-format-ieee\libc_nano.a(lib_a-abort.o)
 .debug_line    0x00002cdf      0x2a0 C:/ST/ispu-toolchain-1.6.0-x86_64-win/bin/../lib/gcc/stred/14.1.0/../../../../stred/lib/mcpu-stredl/mfp32-format-ieee\libc_nano.a(lib_a-exit.o)
 .debug_line    0x00002f7f      0x17f C:/ST/ispu-toolchain-1.6.0-x86_64-win/bin/../lib/gcc/stred/14.1.0/../../../../stred/lib/mcpu-stredl/mfp32-format-ieee\libc_nano.a(lib_a-impure.o)
 .debug_line    0x000030fe      0x1fa C:/ST/ispu-toolchain-1.6.0-x86_64-win/bin/../lib/gcc/stred/14.1.0/../../../../stred/lib/mcpu-stredl/mfp32-format-ieee\libc_nano.a(lib_a-memcpy.o)
 .debug_line    0x000032f8      0x82e C:/ST/ispu-toolchain-1.6.0-x86_64-win/bin/../lib/gcc/stred/14.1.0/../../../../stred/lib/mcpu-stredl/mfp32-format-ieee\libc_nano.a(lib_a-signal.o)
 .debug_line    0x00003b26      0x2e7 C:/ST/ispu-toolchain-1.6.0-x86_64-win/bin/../lib/gcc/stred/14.1.0/../../../../stred/lib/mcpu-stredl/mfp32-format-ieee\libc_nano.a(lib_a-signalr.o)
 .debug_line    0x00003e0d      0x56f C:/ST/ispu-toolchain-1.6.0-x86_64-win/bin/../lib/gcc/stred/14.1.0/../../../../stred/lib/mcpu-stredl/mfp32-format-ieee\libc_nano.a(lib_a-reent.o)
 .debug_line    0x0000437c     0x1017 C:/ST/ispu-toolchain-1.6.0-x86_64-win/bin/../lib/gcc/stred/14.1.0/../../../../stred/lib/mcpu-stredl/mfp32-format-ieee\libsim.a(syscalls.o)

.debug_str      0x00000000     0x1666
 .debug_str     0x00000000      0x1d8 C:/ST/ispu-toolchain-1.6.0-x86_64-win/bin/../lib/gcc/stred/14.1.0/mcpu-stredl/mfp32-format-ieee\libgcc.a(divmod.o)
                                0x200 (size before relaxing)
 .debug_str     0x000001d8      0x1da C:/ST/ispu-toolchain-1.6.0-x86_64-win/bin/../lib/gcc/stred/14.1.0/mcpu-stredl/mfp32-format-ieee\libgcc.a(divsf3.o)
                                0x37f (size before relaxing)
 .debug_str     0x000003b2       0x73 C:/ST/ispu-toolchain-1.6.0-x86_64-win/bin/../lib/gcc/stred/14.1.0/mcpu-stredl/mfp32-format-ieee\libgcc.a(eqsf2.o)
                                0x27e (size before relaxing)
 .debug_str     0x00000425       0x86 C:/ST/ispu-toolchain-1.6.0-x86_64-win/bin/../lib/gcc/stred/14.1.0/mcpu-stredl/mfp32-format-ieee\libgcc.a(gesf2.o)
                                0x2a2 (size before relaxing)
 .debug_str     0x000004ab       0x81 C:/ST/ispu-toolchain-1.6.0-x86_64-win/bin/../lib/gcc/stred/14.1.0/mcpu-stredl/mfp32-format-ieee\libgcc.a(fixsfsi.o)
                                0x293 (size before relaxing)
 .debug_str     0x0000052c      0x104 C:/ST/ispu-toolchain-1.6.0-x86_64-win/bin/../lib/gcc/stred/14.1.0/mcpu-stredl/mfp32-format-ieee\libgcc.a(floatsisf.o)
                                0x325 (size before relaxing)
 .debug_str     0x00000630       0x9e C:/ST/ispu-toolchain-1.6.0-x86_64-win/bin/../lib/gcc/stred/14.1.0/mcpu-stredl/mfp32-format-ieee\libgcc.a(_clzsi2.o)
                                0x291 (size before relaxing)
 .debug_str     0x000006ce       0x61 C:/ST/ispu-toolchain-1.6.0-x86_64-win/bin/../lib/gcc/stred/14.1.0/mcpu-stredl/mfp32-format-ieee\libgcc.a(udivmodsi4.o)
                                0x1cf (size before relaxing)
 .debug_str     0x0000072f      0x274 C:/ST/ispu-toolchain-1.6.0-x86_64-win/bin/../lib/gcc/stred/14.1.0/mcpu-stredl/mfp32-format-ieee\libgcc.a(_clz.o)
 .debug_str     0x0000072f      0x1cb C:/ST/ispu-toolchain-1.6.0-x86_64-win/bin/../lib/gcc/stred/14.1.0/../../../../stred/lib/mcpu-stredl/mfp32-format-ieee\libc_nano.a(lib_a-abort.o)
                                0x266 (size before relaxing)
 .debug_str     0x000008fa      0x38b C:/ST/ispu-toolchain-1.6.0-x86_64-win/bin/../lib/gcc/stred/14.1.0/../../../../stred/lib/mcpu-stredl/mfp32-format-ieee\libc_nano.a(lib_a-exit.o)
                                0x5d5 (size before relaxing)
 .debug_str     0x00000c85      0x154 C:/ST/ispu-toolchain-1.6.0-x86_64-win/bin/../lib/gcc/stred/14.1.0/../../../../stred/lib/mcpu-stredl/mfp32-format-ieee\libc_nano.a(lib_a-impure.o)
                                0x60b (size before relaxing)
 .debug_str     0x00000dd9      0x12d C:/ST/ispu-toolchain-1.6.0-x86_64-win/bin/../lib/gcc/stred/14.1.0/../../../../stred/lib/mcpu-stredl/mfp32-format-ieee\libc_nano.a(lib_a-memcpy.o)
                                0x277 (size before relaxing)
 .debug_str     0x00000f06      0x17b C:/ST/ispu-toolchain-1.6.0-x86_64-win/bin/../lib/gcc/stred/14.1.0/../../../../stred/lib/mcpu-stredl/mfp32-format-ieee\libc_nano.a(lib_a-signal.o)
                                0x642 (size before relaxing)
 .debug_str     0x00001081       0x70 C:/ST/ispu-toolchain-1.6.0-x86_64-win/bin/../lib/gcc/stred/14.1.0/../../../../stred/lib/mcpu-stredl/mfp32-format-ieee\libc_nano.a(lib_a-signalr.o)
                                0x5c8 (size before relaxing)
 .debug_str     0x000010f1       0x94 C:/ST/ispu-toolchain-1.6.0-x86_64-win/bin/../lib/gcc/stred/14.1.0/../../../../stred/lib/mcpu-stredl/mfp32-format-ieee\libc_nano.a(lib_a-reent.o)
                                0x5eb (size before relaxing)
 .debug_str     0x00001185      0x4e1 C:/ST/ispu-toolchain-1.6.0-x86_64-win/bin/../lib/gcc/stred/14.1.0/../../../../stred/lib/mcpu-stredl/mfp32-format-ieee\libsim.a(syscalls.o)
                                0x63f (size before relaxing)

.debug_frame    0x00000000      0x500
 .debug_frame   0x00000000       0x40 C:/ST/ispu-toolchain-1.6.0-x86_64-win/bin/../lib/gcc/stred/14.1.0/mcpu-stredl/mfp32-format-ieee\libgcc.a(divmod.o)
 .debug_frame   0x00000040       0x34 C:/ST/ispu-toolchain-1.6.0-x86_64-win/bin/../lib/gcc/stred/14.1.0/mcpu-stredl/mfp32-format-ieee\libgcc.a(divsf3.o)
 .debug_frame   0x00000074       0x28 C:/ST/ispu-toolchain-1.6.0-x86_64-win/bin/../lib/gcc/stred/14.1.0/mcpu-stredl/mfp32-format-ieee\libgcc.a(eqsf2.o)
 .debug_frame   0x0000009c       0x28 C:/ST/ispu-toolchain-1.6.0-x86_64-win/bin/../lib/gcc/stred/14.1.0/mcpu-stredl/mfp32-format-ieee\libgcc.a(gesf2.o)
 .debug_frame   0x000000c4       0x20 C:/ST/ispu-toolchain-1.6.0-x86_64-win/bin/../lib/gcc/stred/14.1.0/mcpu-stredl/mfp32-format-ieee\libgcc.a(fixsfsi.o)
 .debug_frame   0x000000e4       0x2c C:/ST/ispu-toolchain-1.6.0-x86_64-win/bin/../lib/gcc/stred/14.1.0/mcpu-stredl/mfp32-format-ieee\libgcc.a(floatsisf.o)
 .debug_frame   0x00000110       0x20 C:/ST/ispu-toolchain-1.6.0-x86_64-win/bin/../lib/gcc/stred/14.1.0/mcpu-stredl/mfp32-format-ieee\libgcc.a(_clzsi2.o)
 .debug_frame   0x00000130       0x24 C:/ST/ispu-toolchain-1.6.0-x86_64-win/bin/../lib/gcc/stred/14.1.0/mcpu-stredl/mfp32-format-ieee\libgcc.a(udivmodsi4.o)
 .debug_frame   0x00000154       0x24 C:/ST/ispu-toolchain-1.6.0-x86_64-win/bin/../lib/gcc/stred/14.1.0/../../../../stred/lib/mcpu-stredl/mfp32-format-ieee\libc_nano.a(lib_a-abort.o)
 .debug_frame   0x00000178       0x28 C:/ST/ispu-toolchain-1.6.0-x86_64-win/bin/../lib/gcc/stred/14.1.0/../../../../stred/lib/mcpu-stredl/mfp32-format-ieee\libc_nano.a(lib_a-exit.o)
 .debug_frame   0x000001a0       0x28 C:/ST/ispu-toolchain-1.6.0-x86_64-win/bin/../lib/gcc/stred/14.1.0/../../../../stred/lib/mcpu-stredl/mfp32-format-ieee\libc_nano.a(lib_a-memcpy.o)
 .debug_frame   0x000001c8       0xcc C:/ST/ispu-toolchain-1.6.0-x86_64-win/bin/../lib/gcc/stred/14.1.0/../../../../stred/lib/mcpu-stredl/mfp32-format-ieee\libc_nano.a(lib_a-signal.o)
 .debug_frame   0x00000294       0x3c C:/ST/ispu-toolchain-1.6.0-x86_64-win/bin/../lib/gcc/stred/14.1.0/../../../../stred/lib/mcpu-stredl/mfp32-format-ieee\libc_nano.a(lib_a-signalr.o)
 .debug_frame   0x000002d0       0x48 C:/ST/ispu-toolchain-1.6.0-x86_64-win/bin/../lib/gcc/stred/14.1.0/../../../../stred/lib/mcpu-stredl/mfp32-format-ieee\libc_nano.a(lib_a-reent.o)
 .debug_frame   0x00000318      0x1e8 C:/ST/ispu-toolchain-1.6.0-x86_64-win/bin/../lib/gcc/stred/14.1.0/../../../../stred/lib/mcpu-stredl/mfp32-format-ieee\libsim.a(syscalls.o)

Cross Reference Table

Symbol                                            File
BSS_VMA                                           startup_ispu.o
DATA_LMA                                          startup_ispu.o
DATA_VMA                                          startup_ispu.o
STOP_CLOCK                                        startup_ispu.o
SystemInit                                        stedgeai_app_main.o
__call_exitprocs                                  C:/ST/ispu-toolchain-1.6.0-x86_64-win/bin/../lib/gcc/stred/14.1.0/../../../../stred/lib/mcpu-stredl/mfp32-format-ieee\libc_nano.a(lib_a-exit.o)
__clz_tab                                         C:/ST/ispu-toolchain-1.6.0-x86_64-win/bin/../lib/gcc/stred/14.1.0/mcpu-stredl/mfp32-format-ieee\libgcc.a(_clz.o)
                                                  C:/ST/ispu-toolchain-1.6.0-x86_64-win/bin/../lib/gcc/stred/14.1.0/mcpu-stredl/mfp32-format-ieee\libgcc.a(_clzsi2.o)
__clzsi2                                          C:/ST/ispu-toolchain-1.6.0-x86_64-win/bin/../lib/gcc/stred/14.1.0/mcpu-stredl/mfp32-format-ieee\libgcc.a(_clzsi2.o)
                                                  C:/ST/ispu-toolchain-1.6.0-x86_64-win/bin/../lib/gcc/stred/14.1.0/mcpu-stredl/mfp32-format-ieee\libgcc.a(floatunsisf.o)
                                                  C:/ST/ispu-toolchain-1.6.0-x86_64-win/bin/../lib/gcc/stred/14.1.0/mcpu-stredl/mfp32-format-ieee\libgcc.a(floatsisf.o)
                                                  C:/ST/ispu-toolchain-1.6.0-x86_64-win/bin/../lib/gcc/stred/14.1.0/mcpu-stredl/mfp32-format-ieee\libgcc.a(divsf3.o)
__ctors                                           C:/ST/ispu-toolchain-1.6.0-x86_64-win/bin/../lib/gcc/stred/14.1.0/mcpu-stredl/mfp32-format-ieee\libgcc.a(__main.o)
__ctors_end                                       C:/ST/ispu-toolchain-1.6.0-x86_64-win/bin/../lib/gcc/stred/14.1.0/mcpu-stredl/mfp32-format-ieee\libgcc.a(__main.o)
__ctrl_reg_base                                   C:/ST/ispu-toolchain-1.6.0-x86_64-win/bin/../lib/gcc/stred/14.1.0/../../../../stred/lib/mcpu-stredl/mfp32-format-ieee\libsim.a(syscalls.o)
__divsf3                                          C:/ST/ispu-toolchain-1.6.0-x86_64-win/bin/../lib/gcc/stred/14.1.0/mcpu-stredl/mfp32-format-ieee\libgcc.a(divsf3.o)
                                                  C:\ST\STEdgeAI\4.0\Utilities\windows\targets\ispu\runtime\lib\imu22\libNetworkRuntime_ISPU_STRED_GCC.a(st_int8_pool.o)
                                                  C:\ST\STEdgeAI\4.0\Utilities\windows\targets\ispu\runtime\lib\imu22\libNetworkRuntime_ISPU_STRED_GCC.a(forward_lite_dense_is8os8ws8.o)
                                                  C:\ST\STEdgeAI\4.0\Utilities\windows\targets\ispu\runtime\lib\imu22\libNetworkRuntime_ISPU_STRED_GCC.a(st_uint8_pool.o)
                                                  C:\ST\STEdgeAI\4.0\Utilities\windows\targets\ispu\runtime\lib\imu22\libNetworkRuntime_ISPU_STRED_GCC.a(st_align_factor.o)
                                                  C:\ST\STEdgeAI\4.0\Utilities\windows\targets\ispu\runtime\lib\imu22\libNetworkRuntime_ISPU_STRED_GCC.a(layers_pool_stm32_integer.o)
                                                  C:\ST\STEdgeAI\4.0\Utilities\windows\targets\ispu\runtime\lib\imu22\libNetworkRuntime_ISPU_STRED_GCC.a(layers_conv2d_stm32_integer.o)
__divsi3                                          C:/ST/ispu-toolchain-1.6.0-x86_64-win/bin/../lib/gcc/stred/14.1.0/mcpu-stredl/mfp32-format-ieee\libgcc.a(divmod.o)
                                                  C:\ST\STEdgeAI\4.0\Utilities\windows\targets\ispu\runtime\lib\imu22\libNetworkRuntime_ISPU_STRED_GCC.a(st_int8_pool.o)
                                                  C:\ST\STEdgeAI\4.0\Utilities\windows\targets\ispu\runtime\lib\imu22\libNetworkRuntime_ISPU_STRED_GCC.a(st_uint8_pool.o)
                                                  C:\ST\STEdgeAI\4.0\Utilities\windows\targets\ispu\runtime\lib\imu22\libNetworkRuntime_ISPU_STRED_GCC.a(st_uaua8_convolve_dw.o)
                                                  C:\ST\STEdgeAI\4.0\Utilities\windows\targets\ispu\runtime\lib\imu22\libNetworkRuntime_ISPU_STRED_GCC.a(st_uaua8_ch_convolve_dw.o)
                                                  C:\ST\STEdgeAI\4.0\Utilities\windows\targets\ispu\runtime\lib\imu22\libNetworkRuntime_ISPU_STRED_GCC.a(st_ssua8_convolve_dw.o)
                                                  C:\ST\STEdgeAI\4.0\Utilities\windows\targets\ispu\runtime\lib\imu22\libNetworkRuntime_ISPU_STRED_GCC.a(st_ssua8_ch_convolve_dw.o)
                                                  C:\ST\STEdgeAI\4.0\Utilities\windows\targets\ispu\runtime\lib\imu22\libNetworkRuntime_ISPU_STRED_GCC.a(st_sssa8_convolve_dw.o)
__do_global_ctors                                 C:/ST/ispu-toolchain-1.6.0-x86_64-win/bin/../lib/gcc/stred/14.1.0/mcpu-stredl/mfp32-format-ieee\libgcc.a(__main.o)
__do_global_dtors                                 C:/ST/ispu-toolchain-1.6.0-x86_64-win/bin/../lib/gcc/stred/14.1.0/mcpu-stredl/mfp32-format-ieee\libgcc.a(__main.o)
__dtors                                           C:/ST/ispu-toolchain-1.6.0-x86_64-win/bin/../lib/gcc/stred/14.1.0/mcpu-stredl/mfp32-format-ieee\libgcc.a(__main.o)
__dtors_end                                       C:/ST/ispu-toolchain-1.6.0-x86_64-win/bin/../lib/gcc/stred/14.1.0/mcpu-stredl/mfp32-format-ieee\libgcc.a(__main.o)
__eqsf2                                           C:/ST/ispu-toolchain-1.6.0-x86_64-win/bin/../lib/gcc/stred/14.1.0/mcpu-stredl/mfp32-format-ieee\libgcc.a(eqsf2.o)
                                                  C:\ST\STEdgeAI\4.0\Utilities\windows\targets\ispu\runtime\lib\imu22\libNetworkRuntime_ISPU_STRED_GCC.a(st_int8_pool.o)
                                                  C:\ST\STEdgeAI\4.0\Utilities\windows\targets\ispu\runtime\lib\imu22\libNetworkRuntime_ISPU_STRED_GCC.a(forward_lite_maxpool_iu8ou8.o)
                                                  C:\ST\STEdgeAI\4.0\Utilities\windows\targets\ispu\runtime\lib\imu22\libNetworkRuntime_ISPU_STRED_GCC.a(forward_lite_maxpool_iu16ou16.o)
                                                  C:\ST\STEdgeAI\4.0\Utilities\windows\targets\ispu\runtime\lib\imu22\libNetworkRuntime_ISPU_STRED_GCC.a(forward_lite_maxpool_is8os8.o)
                                                  C:\ST\STEdgeAI\4.0\Utilities\windows\targets\ispu\runtime\lib\imu22\libNetworkRuntime_ISPU_STRED_GCC.a(forward_lite_maxpool_is16os16.o)
                                                  C:\ST\STEdgeAI\4.0\Utilities\windows\targets\ispu\runtime\lib\imu22\libNetworkRuntime_ISPU_STRED_GCC.a(st_uint8_pool.o)
                                                  C:\ST\STEdgeAI\4.0\Utilities\windows\targets\ispu\runtime\lib\imu22\libNetworkRuntime_ISPU_STRED_GCC.a(forward_lite_maxpool_is8os8_scalepos.o)
__errno                                           C:/ST/ispu-toolchain-1.6.0-x86_64-win/bin/../lib/gcc/stred/14.1.0/../../../../stred/lib/mcpu-stredl/mfp32-format-ieee\libc.a(lib_a-errno.o)
                                                  C:/ST/ispu-toolchain-1.6.0-x86_64-win/bin/../lib/gcc/stred/14.1.0/../../../../stred/lib/mcpu-stredl/mfp32-format-ieee\libsim.a(syscalls.o)
__fixsfdi                                         C:/ST/ispu-toolchain-1.6.0-x86_64-win/bin/../lib/gcc/stred/14.1.0/mcpu-stredl/mfp32-format-ieee\libgcc.a(fixsfdi.o)
                                                  C:\ST\STEdgeAI\4.0\Utilities\windows\targets\ispu\runtime\lib\imu22\libNetworkRuntime_ISPU_STRED_GCC.a(st_align_factor.o)
__fixsfsi                                         C:/ST/ispu-toolchain-1.6.0-x86_64-win/bin/../lib/gcc/stred/14.1.0/mcpu-stredl/mfp32-format-ieee\libgcc.a(fixsfsi.o)
                                                  C:\ST\STEdgeAI\4.0\Utilities\windows\targets\ispu\runtime\lib\imu22\libNetworkRuntime_ISPU_STRED_GCC.a(st_int8_pool.o)
                                                  C:\ST\STEdgeAI\4.0\Utilities\windows\targets\ispu\runtime\lib\imu22\libNetworkRuntime_ISPU_STRED_GCC.a(forward_lite_maxpool_iu8ou8.o)
                                                  C:\ST\STEdgeAI\4.0\Utilities\windows\targets\ispu\runtime\lib\imu22\libNetworkRuntime_ISPU_STRED_GCC.a(forward_lite_maxpool_iu16ou16.o)
                                                  C:\ST\STEdgeAI\4.0\Utilities\windows\targets\ispu\runtime\lib\imu22\libNetworkRuntime_ISPU_STRED_GCC.a(forward_lite_maxpool_is8os8.o)
                                                  C:\ST\STEdgeAI\4.0\Utilities\windows\targets\ispu\runtime\lib\imu22\libNetworkRuntime_ISPU_STRED_GCC.a(forward_lite_maxpool_is16os16.o)
                                                  C:\ST\STEdgeAI\4.0\Utilities\windows\targets\ispu\runtime\lib\imu22\libNetworkRuntime_ISPU_STRED_GCC.a(st_uint8_pool.o)
                                                  C:\ST\STEdgeAI\4.0\Utilities\windows\targets\ispu\runtime\lib\imu22\libNetworkRuntime_ISPU_STRED_GCC.a(forward_lite_maxpool_is8os8_scalepos.o)
__floatsisf                                       C:/ST/ispu-toolchain-1.6.0-x86_64-win/bin/../lib/gcc/stred/14.1.0/mcpu-stredl/mfp32-format-ieee\libgcc.a(floatsisf.o)
                                                  C:\ST\STEdgeAI\4.0\Utilities\windows\targets\ispu\runtime\lib\imu22\libNetworkRuntime_ISPU_STRED_GCC.a(st_int8_pool.o)
                                                  C:\ST\STEdgeAI\4.0\Utilities\windows\targets\ispu\runtime\lib\imu22\libNetworkRuntime_ISPU_STRED_GCC.a(forward_lite_maxpool_iu8ou8.o)
                                                  C:\ST\STEdgeAI\4.0\Utilities\windows\targets\ispu\runtime\lib\imu22\libNetworkRuntime_ISPU_STRED_GCC.a(forward_lite_maxpool_iu16ou16.o)
                                                  C:\ST\STEdgeAI\4.0\Utilities\windows\targets\ispu\runtime\lib\imu22\libNetworkRuntime_ISPU_STRED_GCC.a(forward_lite_maxpool_is8os8.o)
                                                  C:\ST\STEdgeAI\4.0\Utilities\windows\targets\ispu\runtime\lib\imu22\libNetworkRuntime_ISPU_STRED_GCC.a(forward_lite_maxpool_is16os16.o)
                                                  C:\ST\STEdgeAI\4.0\Utilities\windows\targets\ispu\runtime\lib\imu22\libNetworkRuntime_ISPU_STRED_GCC.a(st_uint8_pool.o)
                                                  C:\ST\STEdgeAI\4.0\Utilities\windows\targets\ispu\runtime\lib\imu22\libNetworkRuntime_ISPU_STRED_GCC.a(forward_lite_maxpool_is8os8_scalepos.o)
__floatunsisf                                     C:/ST/ispu-toolchain-1.6.0-x86_64-win/bin/../lib/gcc/stred/14.1.0/mcpu-stredl/mfp32-format-ieee\libgcc.a(floatunsisf.o)
                                                  C:\ST\STEdgeAI\4.0\Utilities\windows\targets\ispu\runtime\lib\imu22\libNetworkRuntime_ISPU_STRED_GCC.a(forward_lite_maxpool_iu8ou8.o)
                                                  C:\ST\STEdgeAI\4.0\Utilities\windows\targets\ispu\runtime\lib\imu22\libNetworkRuntime_ISPU_STRED_GCC.a(forward_lite_maxpool_iu16ou16.o)
                                                  C:\ST\STEdgeAI\4.0\Utilities\windows\targets\ispu\runtime\lib\imu22\libNetworkRuntime_ISPU_STRED_GCC.a(st_uint8_pool.o)
__gesf2                                           C:/ST/ispu-toolchain-1.6.0-x86_64-win/bin/../lib/gcc/stred/14.1.0/mcpu-stredl/mfp32-format-ieee\libgcc.a(gesf2.o)
                                                  C:\ST\STEdgeAI\4.0\Utilities\windows\targets\ispu\runtime\lib\imu22\libNetworkRuntime_ISPU_STRED_GCC.a(st_int8_pool.o)
                                                  C:\ST\STEdgeAI\4.0\Utilities\windows\targets\ispu\runtime\lib\imu22\libNetworkRuntime_ISPU_STRED_GCC.a(forward_lite_maxpool_is8os8.o)
                                                  C:\ST\STEdgeAI\4.0\Utilities\windows\targets\ispu\runtime\lib\imu22\libNetworkRuntime_ISPU_STRED_GCC.a(forward_lite_maxpool_is16os16.o)
                                                  C:\ST\STEdgeAI\4.0\Utilities\windows\targets\ispu\runtime\lib\imu22\libNetworkRuntime_ISPU_STRED_GCC.a(st_uint8_pool.o)
                                                  C:\ST\STEdgeAI\4.0\Utilities\windows\targets\ispu\runtime\lib\imu22\libNetworkRuntime_ISPU_STRED_GCC.a(layers_pool_stm32_integer.o)
                                                  C:\ST\STEdgeAI\4.0\Utilities\windows\targets\ispu\runtime\lib\imu22\libNetworkRuntime_ISPU_STRED_GCC.a(forward_lite_maxpool_is8os8_scalepos.o)
__gtsf2                                           C:/ST/ispu-toolchain-1.6.0-x86_64-win/bin/../lib/gcc/stred/14.1.0/mcpu-stredl/mfp32-format-ieee\libgcc.a(gesf2.o)
                                                  C:\ST\STEdgeAI\4.0\Utilities\windows\targets\ispu\runtime\lib\imu22\libNetworkRuntime_ISPU_STRED_GCC.a(st_align_factor.o)
__lesf2                                           C:/ST/ispu-toolchain-1.6.0-x86_64-win/bin/../lib/gcc/stred/14.1.0/mcpu-stredl/mfp32-format-ieee\libgcc.a(lesf2.o)
__ltsf2                                           C:/ST/ispu-toolchain-1.6.0-x86_64-win/bin/../lib/gcc/stred/14.1.0/mcpu-stredl/mfp32-format-ieee\libgcc.a(lesf2.o)
                                                  C:\ST\STEdgeAI\4.0\Utilities\windows\targets\ispu\runtime\lib\imu22\libNetworkRuntime_ISPU_STRED_GCC.a(st_align_factor.o)
__main                                            startup_ispu.o
__malloc_free_list                                C:/ST/ispu-toolchain-1.6.0-x86_64-win/bin/../lib/gcc/stred/14.1.0/../../../../stred/lib/mcpu-stredl/mfp32-format-ieee\libc_nano.a(lib_a-nano-mallocr.o)
                                                  C:/ST/ispu-toolchain-1.6.0-x86_64-win/bin/../lib/gcc/stred/14.1.0/../../../../stred/lib/mcpu-stredl/mfp32-format-ieee\libc_nano.a(lib_a-nano-freer.o)
__malloc_sbrk_start                               C:/ST/ispu-toolchain-1.6.0-x86_64-win/bin/../lib/gcc/stred/14.1.0/../../../../stred/lib/mcpu-stredl/mfp32-format-ieee\libc_nano.a(lib_a-nano-mallocr.o)
__modsi3                                          C:/ST/ispu-toolchain-1.6.0-x86_64-win/bin/../lib/gcc/stred/14.1.0/mcpu-stredl/mfp32-format-ieee\libgcc.a(divmod.o)
__mulpsi3                                         C:/ST/ispu-toolchain-1.6.0-x86_64-win/bin/../lib/gcc/stred/14.1.0/mcpu-stredl/mfp32-format-ieee\libgcc.a(_mulsi3.o)
__mulsi3                                          C:/ST/ispu-toolchain-1.6.0-x86_64-win/bin/../lib/gcc/stred/14.1.0/mcpu-stredl/mfp32-format-ieee\libgcc.a(_mulsi3.o)
                                                  C:\ST\STEdgeAI\4.0\Utilities\windows\targets\ispu\runtime\lib\imu22\libNetworkRuntime_ISPU_STRED_GCC.a(st_int8_pool.o)
                                                  C:\ST\STEdgeAI\4.0\Utilities\windows\targets\ispu\runtime\lib\imu22\libNetworkRuntime_ISPU_STRED_GCC.a(layers_conv2d_sssa8_ch.o)
                                                  C:\ST\STEdgeAI\4.0\Utilities\windows\targets\ispu\runtime\lib\imu22\libNetworkRuntime_ISPU_STRED_GCC.a(forward_lite_maxpool_iu8ou8.o)
                                                  C:\ST\STEdgeAI\4.0\Utilities\windows\targets\ispu\runtime\lib\imu22\libNetworkRuntime_ISPU_STRED_GCC.a(forward_lite_maxpool_iu16ou16.o)
                                                  C:\ST\STEdgeAI\4.0\Utilities\windows\targets\ispu\runtime\lib\imu22\libNetworkRuntime_ISPU_STRED_GCC.a(forward_lite_maxpool_is8os8.o)
                                                  C:\ST\STEdgeAI\4.0\Utilities\windows\targets\ispu\runtime\lib\imu22\libNetworkRuntime_ISPU_STRED_GCC.a(forward_lite_maxpool_is16os16.o)
                                                  C:\ST\STEdgeAI\4.0\Utilities\windows\targets\ispu\runtime\lib\imu22\libNetworkRuntime_ISPU_STRED_GCC.a(core_utils.o)
                                                  C:\ST\STEdgeAI\4.0\Utilities\windows\targets\ispu\runtime\lib\imu22\libNetworkRuntime_ISPU_STRED_GCC.a(ai_platform.o)
                                                  C:\ST\STEdgeAI\4.0\Utilities\windows\targets\ispu\runtime\lib\imu22\libNetworkRuntime_ISPU_STRED_GCC.a(ai_datatypes_internal.o)
                                                  C:\ST\STEdgeAI\4.0\Utilities\windows\targets\ispu\runtime\lib\imu22\libNetworkRuntime_ISPU_STRED_GCC.a(ai_datatypes_format.o)
                                                  C:\ST\STEdgeAI\4.0\Utilities\windows\targets\ispu\runtime\lib\imu22\libNetworkRuntime_ISPU_STRED_GCC.a(st_uint8_pool.o)
                                                  C:\ST\STEdgeAI\4.0\Utilities\windows\targets\ispu\runtime\lib\imu22\libNetworkRuntime_ISPU_STRED_GCC.a(st_uaua8_dense.o)
                                                  C:\ST\STEdgeAI\4.0\Utilities\windows\targets\ispu\runtime\lib\imu22\libNetworkRuntime_ISPU_STRED_GCC.a(st_uaua8_convolve_dw.o)
                                                  C:\ST\STEdgeAI\4.0\Utilities\windows\targets\ispu\runtime\lib\imu22\libNetworkRuntime_ISPU_STRED_GCC.a(st_uaua8_ch_dense.o)
                                                  C:\ST\STEdgeAI\4.0\Utilities\windows\targets\ispu\runtime\lib\imu22\libNetworkRuntime_ISPU_STRED_GCC.a(st_uaua8_ch_convolve_dw.o)
                                                  C:\ST\STEdgeAI\4.0\Utilities\windows\targets\ispu\runtime\lib\imu22\libNetworkRuntime_ISPU_STRED_GCC.a(st_ssua8_dense.o)
                                                  C:\ST\STEdgeAI\4.0\Utilities\windows\targets\ispu\runtime\lib\imu22\libNetworkRuntime_ISPU_STRED_GCC.a(st_ssua8_convolve_dw.o)
                                                  C:\ST\STEdgeAI\4.0\Utilities\windows\targets\ispu\runtime\lib\imu22\libNetworkRuntime_ISPU_STRED_GCC.a(st_ssua8_ch_dense.o)
                                                  C:\ST\STEdgeAI\4.0\Utilities\windows\targets\ispu\runtime\lib\imu22\libNetworkRuntime_ISPU_STRED_GCC.a(st_ssua8_ch_convolve_dw.o)
                                                  C:\ST\STEdgeAI\4.0\Utilities\windows\targets\ispu\runtime\lib\imu22\libNetworkRuntime_ISPU_STRED_GCC.a(st_sssa8_convolve_dw.o)
                                                  C:\ST\STEdgeAI\4.0\Utilities\windows\targets\ispu\runtime\lib\imu22\libNetworkRuntime_ISPU_STRED_GCC.a(st_convolve_reference.o)
                                                  C:\ST\STEdgeAI\4.0\Utilities\windows\targets\ispu\runtime\lib\imu22\libNetworkRuntime_ISPU_STRED_GCC.a(layers_conv2d_stm32_integer.o)
                                                  C:\ST\STEdgeAI\4.0\Utilities\windows\targets\ispu\runtime\lib\imu22\libNetworkRuntime_ISPU_STRED_GCC.a(forward_lite_maxpool_is8os8_scalepos.o)
                                                  C:\ST\STEdgeAI\4.0\Utilities\windows\targets\ispu\runtime\lib\imu22\libNetworkRuntime_ISPU_STRED_GCC.a(forward_lite_conv2d_sssa8_ch.o)
__mulsidi3                                        C:/ST/ispu-toolchain-1.6.0-x86_64-win/bin/../lib/gcc/stred/14.1.0/mcpu-stredl/mfp32-format-ieee\libgcc.a(_mulsi3.o)
                                                  C:\ST\STEdgeAI\4.0\Utilities\windows\targets\ispu\runtime\lib\imu22\libNetworkRuntime_ISPU_STRED_GCC.a(st_sssa8_dense.o)
                                                  C:\ST\STEdgeAI\4.0\Utilities\windows\targets\ispu\runtime\lib\imu22\libNetworkRuntime_ISPU_STRED_GCC.a(st_sssa8_ch_dense.o)
                                                  C:\ST\STEdgeAI\4.0\Utilities\windows\targets\ispu\runtime\lib\imu22\libNetworkRuntime_ISPU_STRED_GCC.a(st_uaua8_dense.o)
                                                  C:\ST\STEdgeAI\4.0\Utilities\windows\targets\ispu\runtime\lib\imu22\libNetworkRuntime_ISPU_STRED_GCC.a(st_uaua8_convolve_dw.o)
                                                  C:\ST\STEdgeAI\4.0\Utilities\windows\targets\ispu\runtime\lib\imu22\libNetworkRuntime_ISPU_STRED_GCC.a(st_uaua8_ch_dense.o)
                                                  C:\ST\STEdgeAI\4.0\Utilities\windows\targets\ispu\runtime\lib\imu22\libNetworkRuntime_ISPU_STRED_GCC.a(st_uaua8_ch_convolve_dw.o)
                                                  C:\ST\STEdgeAI\4.0\Utilities\windows\targets\ispu\runtime\lib\imu22\libNetworkRuntime_ISPU_STRED_GCC.a(st_ssua8_dense.o)
                                                  C:\ST\STEdgeAI\4.0\Utilities\windows\targets\ispu\runtime\lib\imu22\libNetworkRuntime_ISPU_STRED_GCC.a(st_ssua8_convolve_dw.o)
                                                  C:\ST\STEdgeAI\4.0\Utilities\windows\targets\ispu\runtime\lib\imu22\libNetworkRuntime_ISPU_STRED_GCC.a(st_ssua8_ch_dense.o)
                                                  C:\ST\STEdgeAI\4.0\Utilities\windows\targets\ispu\runtime\lib\imu22\libNetworkRuntime_ISPU_STRED_GCC.a(st_ssua8_ch_convolve_dw.o)
                                                  C:\ST\STEdgeAI\4.0\Utilities\windows\targets\ispu\runtime\lib\imu22\libNetworkRuntime_ISPU_STRED_GCC.a(st_sssa8_convolve_dw.o)
                                                  C:\ST\STEdgeAI\4.0\Utilities\windows\targets\ispu\runtime\lib\imu22\libNetworkRuntime_ISPU_STRED_GCC.a(st_convolve_reference.o)
__nesf2                                           C:/ST/ispu-toolchain-1.6.0-x86_64-win/bin/../lib/gcc/stred/14.1.0/mcpu-stredl/mfp32-format-ieee\libgcc.a(eqsf2.o)
__register_exitproc                               C:/ST/ispu-toolchain-1.6.0-x86_64-win/bin/../lib/gcc/stred/14.1.0/../../../../stred/lib/mcpu-stredl/mfp32-format-ieee\libc.a(lib_a-__atexit.o)
                                                  C:/ST/ispu-toolchain-1.6.0-x86_64-win/bin/../lib/gcc/stred/14.1.0/../../../../stred/lib/mcpu-stredl/mfp32-format-ieee\libc.a(lib_a-atexit.o)
__sf_fake_stderr                                  C:/ST/ispu-toolchain-1.6.0-x86_64-win/bin/../lib/gcc/stred/14.1.0/../../../../stred/lib/mcpu-stredl/mfp32-format-ieee\libc_nano.a(lib_a-impure.o)
__sf_fake_stdin                                   C:/ST/ispu-toolchain-1.6.0-x86_64-win/bin/../lib/gcc/stred/14.1.0/../../../../stred/lib/mcpu-stredl/mfp32-format-ieee\libc_nano.a(lib_a-impure.o)
__sf_fake_stdout                                  C:/ST/ispu-toolchain-1.6.0-x86_64-win/bin/../lib/gcc/stred/14.1.0/../../../../stred/lib/mcpu-stredl/mfp32-format-ieee\libc_nano.a(lib_a-impure.o)
__sigtramp                                        C:/ST/ispu-toolchain-1.6.0-x86_64-win/bin/../lib/gcc/stred/14.1.0/../../../../stred/lib/mcpu-stredl/mfp32-format-ieee\libc_nano.a(lib_a-signal.o)
__sigtramp_r                                      C:/ST/ispu-toolchain-1.6.0-x86_64-win/bin/../lib/gcc/stred/14.1.0/../../../../stred/lib/mcpu-stredl/mfp32-format-ieee\libc_nano.a(lib_a-signal.o)
__udivmodsi4                                      C:/ST/ispu-toolchain-1.6.0-x86_64-win/bin/../lib/gcc/stred/14.1.0/mcpu-stredl/mfp32-format-ieee\libgcc.a(udivmodsi4.o)
                                                  C:/ST/ispu-toolchain-1.6.0-x86_64-win/bin/../lib/gcc/stred/14.1.0/mcpu-stredl/mfp32-format-ieee\libgcc.a(divmod.o)
                                                  C:/ST/ispu-toolchain-1.6.0-x86_64-win/bin/../lib/gcc/stred/14.1.0/mcpu-stredl/mfp32-format-ieee\libgcc.a(udivmod.o)
__udivsi3                                         C:/ST/ispu-toolchain-1.6.0-x86_64-win/bin/../lib/gcc/stred/14.1.0/mcpu-stredl/mfp32-format-ieee\libgcc.a(udivmod.o)
                                                  C:\ST\STEdgeAI\4.0\Utilities\windows\targets\ispu\runtime\lib\imu22\libNetworkRuntime_ISPU_STRED_GCC.a(layers_conv2d_sssa8_ch.o)
                                                  C:\ST\STEdgeAI\4.0\Utilities\windows\targets\ispu\runtime\lib\imu22\libNetworkRuntime_ISPU_STRED_GCC.a(ai_datatypes_format.o)
                                                  C:\ST\STEdgeAI\4.0\Utilities\windows\targets\ispu\runtime\lib\imu22\libNetworkRuntime_ISPU_STRED_GCC.a(layers_conv2d_stm32_integer.o)
__umodsi3                                         C:/ST/ispu-toolchain-1.6.0-x86_64-win/bin/../lib/gcc/stred/14.1.0/mcpu-stredl/mfp32-format-ieee\libgcc.a(udivmod.o)
__umulsidi3                                       C:/ST/ispu-toolchain-1.6.0-x86_64-win/bin/../lib/gcc/stred/14.1.0/mcpu-stredl/mfp32-format-ieee\libgcc.a(_mulsi3.o)
                                                  C:\ST\STEdgeAI\4.0\Utilities\windows\targets\ispu\runtime\lib\imu22\libNetworkRuntime_ISPU_STRED_GCC.a(st_convolve_reference.o)
_clock                                            C:/ST/ispu-toolchain-1.6.0-x86_64-win/bin/../lib/gcc/stred/14.1.0/../../../../stred/lib/mcpu-stredl/mfp32-format-ieee\libsim.a(syscalls.o)
_close                                            C:/ST/ispu-toolchain-1.6.0-x86_64-win/bin/../lib/gcc/stred/14.1.0/../../../../stred/lib/mcpu-stredl/mfp32-format-ieee\libsim.a(syscalls.o)
_ebss                                             startup_ispu.o
_edata                                            startup_ispu.o
_end                                              C:/ST/ispu-toolchain-1.6.0-x86_64-win/bin/../lib/gcc/stred/14.1.0/../../../../stred/lib/mcpu-stredl/mfp32-format-ieee\libsim.a(syscalls.o)
_exit                                             C:/ST/ispu-toolchain-1.6.0-x86_64-win/bin/../lib/gcc/stred/14.1.0/../../../../stred/lib/mcpu-stredl/mfp32-format-ieee\libsim.a(syscalls.o)
                                                  C:/ST/ispu-toolchain-1.6.0-x86_64-win/bin/../lib/gcc/stred/14.1.0/../../../../stred/lib/mcpu-stredl/mfp32-format-ieee\libc_nano.a(lib_a-exit.o)
                                                  C:/ST/ispu-toolchain-1.6.0-x86_64-win/bin/../lib/gcc/stred/14.1.0/../../../../stred/lib/mcpu-stredl/mfp32-format-ieee\libc_nano.a(lib_a-abort.o)
_free_r                                           C:/ST/ispu-toolchain-1.6.0-x86_64-win/bin/../lib/gcc/stred/14.1.0/../../../../stred/lib/mcpu-stredl/mfp32-format-ieee\libc_nano.a(lib_a-nano-freer.o)
                                                  C:/ST/ispu-toolchain-1.6.0-x86_64-win/bin/../lib/gcc/stred/14.1.0/../../../../stred/lib/mcpu-stredl/mfp32-format-ieee\libc_nano.a(lib_a-reent.o)
                                                  C:/ST/ispu-toolchain-1.6.0-x86_64-win/bin/../lib/gcc/stred/14.1.0/../../../../stred/lib/mcpu-stredl/mfp32-format-ieee\libc_nano.a(lib_a-nano-reallocr.o)
                                                  C:/ST/ispu-toolchain-1.6.0-x86_64-win/bin/../lib/gcc/stred/14.1.0/../../../../stred/lib/mcpu-stredl/mfp32-format-ieee\libc_nano.a(lib_a-malloc.o)
_fstat                                            C:/ST/ispu-toolchain-1.6.0-x86_64-win/bin/../lib/gcc/stred/14.1.0/../../../../stred/lib/mcpu-stredl/mfp32-format-ieee\libsim.a(syscalls.o)
_getpid                                           C:/ST/ispu-toolchain-1.6.0-x86_64-win/bin/../lib/gcc/stred/14.1.0/../../../../stred/lib/mcpu-stredl/mfp32-format-ieee\libsim.a(syscalls.o)
                                                  C:/ST/ispu-toolchain-1.6.0-x86_64-win/bin/../lib/gcc/stred/14.1.0/../../../../stred/lib/mcpu-stredl/mfp32-format-ieee\libc_nano.a(lib_a-signalr.o)
_getpid_r                                         C:/ST/ispu-toolchain-1.6.0-x86_64-win/bin/../lib/gcc/stred/14.1.0/../../../../stred/lib/mcpu-stredl/mfp32-format-ieee\libc_nano.a(lib_a-signalr.o)
                                                  C:/ST/ispu-toolchain-1.6.0-x86_64-win/bin/../lib/gcc/stred/14.1.0/../../../../stred/lib/mcpu-stredl/mfp32-format-ieee\libc_nano.a(lib_a-signal.o)
_gettimeofday                                     C:/ST/ispu-toolchain-1.6.0-x86_64-win/bin/../lib/gcc/stred/14.1.0/../../../../stred/lib/mcpu-stredl/mfp32-format-ieee\libsim.a(syscalls.o)
_global_impure_ptr                                C:/ST/ispu-toolchain-1.6.0-x86_64-win/bin/../lib/gcc/stred/14.1.0/../../../../stred/lib/mcpu-stredl/mfp32-format-ieee\libc_nano.a(lib_a-impure.o)
                                                  C:/ST/ispu-toolchain-1.6.0-x86_64-win/bin/../lib/gcc/stred/14.1.0/../../../../stred/lib/mcpu-stredl/mfp32-format-ieee\libc.a(lib_a-__atexit.o)
                                                  C:/ST/ispu-toolchain-1.6.0-x86_64-win/bin/../lib/gcc/stred/14.1.0/../../../../stred/lib/mcpu-stredl/mfp32-format-ieee\libc_nano.a(lib_a-exit.o)
_impure_ptr                                       C:/ST/ispu-toolchain-1.6.0-x86_64-win/bin/../lib/gcc/stred/14.1.0/../../../../stred/lib/mcpu-stredl/mfp32-format-ieee\libc_nano.a(lib_a-impure.o)
                                                  C:/ST/ispu-toolchain-1.6.0-x86_64-win/bin/../lib/gcc/stred/14.1.0/../../../../stred/lib/mcpu-stredl/mfp32-format-ieee\libc.a(lib_a-errno.o)
                                                  C:/ST/ispu-toolchain-1.6.0-x86_64-win/bin/../lib/gcc/stred/14.1.0/../../../../stred/lib/mcpu-stredl/mfp32-format-ieee\libc_nano.a(lib_a-reent.o)
                                                  C:/ST/ispu-toolchain-1.6.0-x86_64-win/bin/../lib/gcc/stred/14.1.0/../../../../stred/lib/mcpu-stredl/mfp32-format-ieee\libc_nano.a(lib_a-signal.o)
                                                  C:/ST/ispu-toolchain-1.6.0-x86_64-win/bin/../lib/gcc/stred/14.1.0/../../../../stred/lib/mcpu-stredl/mfp32-format-ieee\libc_nano.a(lib_a-realloc.o)
                                                  C:/ST/ispu-toolchain-1.6.0-x86_64-win/bin/../lib/gcc/stred/14.1.0/../../../../stred/lib/mcpu-stredl/mfp32-format-ieee\libc_nano.a(lib_a-malloc.o)
_init_signal                                      C:/ST/ispu-toolchain-1.6.0-x86_64-win/bin/../lib/gcc/stred/14.1.0/../../../../stred/lib/mcpu-stredl/mfp32-format-ieee\libc_nano.a(lib_a-signal.o)
_init_signal_r                                    C:/ST/ispu-toolchain-1.6.0-x86_64-win/bin/../lib/gcc/stred/14.1.0/../../../../stred/lib/mcpu-stredl/mfp32-format-ieee\libc_nano.a(lib_a-signal.o)
_isatty                                           C:/ST/ispu-toolchain-1.6.0-x86_64-win/bin/../lib/gcc/stred/14.1.0/../../../../stred/lib/mcpu-stredl/mfp32-format-ieee\libsim.a(syscalls.o)
_kill                                             C:/ST/ispu-toolchain-1.6.0-x86_64-win/bin/../lib/gcc/stred/14.1.0/../../../../stred/lib/mcpu-stredl/mfp32-format-ieee\libsim.a(syscalls.o)
                                                  C:/ST/ispu-toolchain-1.6.0-x86_64-win/bin/../lib/gcc/stred/14.1.0/../../../../stred/lib/mcpu-stredl/mfp32-format-ieee\libc_nano.a(lib_a-signalr.o)
_kill_r                                           C:/ST/ispu-toolchain-1.6.0-x86_64-win/bin/../lib/gcc/stred/14.1.0/../../../../stred/lib/mcpu-stredl/mfp32-format-ieee\libc_nano.a(lib_a-signalr.o)
                                                  C:/ST/ispu-toolchain-1.6.0-x86_64-win/bin/../lib/gcc/stred/14.1.0/../../../../stred/lib/mcpu-stredl/mfp32-format-ieee\libc_nano.a(lib_a-signal.o)
_lite_core_errors_check                           C:\ST\STEdgeAI\4.0\Utilities\windows\targets\ispu\runtime\lib\imu22\libNetworkRuntime_ISPU_STRED_GCC.a(lite_core_errors.o)
                                                  C:\ST\STEdgeAI\4.0\Utilities\windows\targets\ispu\runtime\lib\imu22\libNetworkRuntime_ISPU_STRED_GCC.a(forward_lite_maxpool_iu8ou8.o)
                                                  C:\ST\STEdgeAI\4.0\Utilities\windows\targets\ispu\runtime\lib\imu22\libNetworkRuntime_ISPU_STRED_GCC.a(forward_lite_maxpool_is8os8.o)
                                                  C:\ST\STEdgeAI\4.0\Utilities\windows\targets\ispu\runtime\lib\imu22\libNetworkRuntime_ISPU_STRED_GCC.a(forward_lite_dense_is8os8ws8.o)
                                                  C:\ST\STEdgeAI\4.0\Utilities\windows\targets\ispu\runtime\lib\imu22\libNetworkRuntime_ISPU_STRED_GCC.a(forward_lite_dense_is8os8ws8_ch.o)
_lseek                                            C:/ST/ispu-toolchain-1.6.0-x86_64-win/bin/../lib/gcc/stred/14.1.0/../../../../stred/lib/mcpu-stredl/mfp32-format-ieee\libsim.a(syscalls.o)
_malloc_r                                         C:/ST/ispu-toolchain-1.6.0-x86_64-win/bin/../lib/gcc/stred/14.1.0/../../../../stred/lib/mcpu-stredl/mfp32-format-ieee\libc_nano.a(lib_a-nano-mallocr.o)
                                                  C:/ST/ispu-toolchain-1.6.0-x86_64-win/bin/../lib/gcc/stred/14.1.0/../../../../stred/lib/mcpu-stredl/mfp32-format-ieee\libc_nano.a(lib_a-nano-reallocr.o)
                                                  C:/ST/ispu-toolchain-1.6.0-x86_64-win/bin/../lib/gcc/stred/14.1.0/../../../../stred/lib/mcpu-stredl/mfp32-format-ieee\libc_nano.a(lib_a-signal.o)
                                                  C:/ST/ispu-toolchain-1.6.0-x86_64-win/bin/../lib/gcc/stred/14.1.0/../../../../stred/lib/mcpu-stredl/mfp32-format-ieee\libc_nano.a(lib_a-malloc.o)
_malloc_usable_size_r                             C:/ST/ispu-toolchain-1.6.0-x86_64-win/bin/../lib/gcc/stred/14.1.0/../../../../stred/lib/mcpu-stredl/mfp32-format-ieee\libc_nano.a(lib_a-nano-msizer.o)
                                                  C:/ST/ispu-toolchain-1.6.0-x86_64-win/bin/../lib/gcc/stred/14.1.0/../../../../stred/lib/mcpu-stredl/mfp32-format-ieee\libc_nano.a(lib_a-nano-reallocr.o)
_open                                             C:/ST/ispu-toolchain-1.6.0-x86_64-win/bin/../lib/gcc/stred/14.1.0/../../../../stred/lib/mcpu-stredl/mfp32-format-ieee\libsim.a(syscalls.o)
_raise                                            C:/ST/ispu-toolchain-1.6.0-x86_64-win/bin/../lib/gcc/stred/14.1.0/../../../../stred/lib/mcpu-stredl/mfp32-format-ieee\libsim.a(syscalls.o)
_raise_r                                          C:/ST/ispu-toolchain-1.6.0-x86_64-win/bin/../lib/gcc/stred/14.1.0/../../../../stred/lib/mcpu-stredl/mfp32-format-ieee\libc_nano.a(lib_a-signal.o)
_read                                             C:/ST/ispu-toolchain-1.6.0-x86_64-win/bin/../lib/gcc/stred/14.1.0/../../../../stred/lib/mcpu-stredl/mfp32-format-ieee\libsim.a(syscalls.o)
_realloc_r                                        C:/ST/ispu-toolchain-1.6.0-x86_64-win/bin/../lib/gcc/stred/14.1.0/../../../../stred/lib/mcpu-stredl/mfp32-format-ieee\libc_nano.a(lib_a-nano-reallocr.o)
                                                  C:/ST/ispu-toolchain-1.6.0-x86_64-win/bin/../lib/gcc/stred/14.1.0/../../../../stred/lib/mcpu-stredl/mfp32-format-ieee\libc_nano.a(lib_a-realloc.o)
_reclaim_reent                                    C:/ST/ispu-toolchain-1.6.0-x86_64-win/bin/../lib/gcc/stred/14.1.0/../../../../stred/lib/mcpu-stredl/mfp32-format-ieee\libc_nano.a(lib_a-reent.o)
_sbrk                                             C:/ST/ispu-toolchain-1.6.0-x86_64-win/bin/../lib/gcc/stred/14.1.0/../../../../stred/lib/mcpu-stredl/mfp32-format-ieee\libsim.a(syscalls.o)
                                                  C:/ST/ispu-toolchain-1.6.0-x86_64-win/bin/../lib/gcc/stred/14.1.0/../../../../stred/lib/mcpu-stredl/mfp32-format-ieee\libc_nano.a(lib_a-sbrkr.o)
_sbrk_r                                           C:/ST/ispu-toolchain-1.6.0-x86_64-win/bin/../lib/gcc/stred/14.1.0/../../../../stred/lib/mcpu-stredl/mfp32-format-ieee\libc_nano.a(lib_a-sbrkr.o)
                                                  C:/ST/ispu-toolchain-1.6.0-x86_64-win/bin/../lib/gcc/stred/14.1.0/../../../../stred/lib/mcpu-stredl/mfp32-format-ieee\libc_nano.a(lib_a-nano-mallocr.o)
_signal_r                                         C:/ST/ispu-toolchain-1.6.0-x86_64-win/bin/../lib/gcc/stred/14.1.0/../../../../stred/lib/mcpu-stredl/mfp32-format-ieee\libc_nano.a(lib_a-signal.o)
_stack                                            startup_ispu.o
_start                                            startup_ispu.o
_startup                                          startup_ispu.o
_stat                                             C:/ST/ispu-toolchain-1.6.0-x86_64-win/bin/../lib/gcc/stred/14.1.0/../../../../stred/lib/mcpu-stredl/mfp32-format-ieee\libsim.a(syscalls.o)
_syscall_handler0                                 C:/ST/ispu-toolchain-1.6.0-x86_64-win/bin/../lib/gcc/stred/14.1.0/../../../../stred/lib/mcpu-stredl/mfp32-format-ieee\libsim.a(syscalls.o)
_times                                            C:/ST/ispu-toolchain-1.6.0-x86_64-win/bin/../lib/gcc/stred/14.1.0/../../../../stred/lib/mcpu-stredl/mfp32-format-ieee\libsim.a(syscalls.o)
_unlink                                           C:/ST/ispu-toolchain-1.6.0-x86_64-win/bin/../lib/gcc/stred/14.1.0/../../../../stred/lib/mcpu-stredl/mfp32-format-ieee\libsim.a(syscalls.o)
_write                                            C:/ST/ispu-toolchain-1.6.0-x86_64-win/bin/../lib/gcc/stred/14.1.0/../../../../stred/lib/mcpu-stredl/mfp32-format-ieee\libsim.a(syscalls.o)
abort                                             C:/ST/ispu-toolchain-1.6.0-x86_64-win/bin/../lib/gcc/stred/14.1.0/../../../../stred/lib/mcpu-stredl/mfp32-format-ieee\libc_nano.a(lib_a-abort.o)
                                                  C:\ST\STEdgeAI\4.0\Utilities\windows\targets\ispu\runtime\lib\imu22\libNetworkRuntime_ISPU_STRED_GCC.a(layers_conv2d_sssa8_ch.o)
                                                  C:\ST\STEdgeAI\4.0\Utilities\windows\targets\ispu\runtime\lib\imu22\libNetworkRuntime_ISPU_STRED_GCC.a(core_utils.o)
                                                  C:\ST\STEdgeAI\4.0\Utilities\windows\targets\ispu\runtime\lib\imu22\libNetworkRuntime_ISPU_STRED_GCC.a(layers_pool_stm32_integer.o)
                                                  C:\ST\STEdgeAI\4.0\Utilities\windows\targets\ispu\runtime\lib\imu22\libNetworkRuntime_ISPU_STRED_GCC.a(layers_conv2d_stm32_integer.o)
aiInit                                            stedgeai_app_main.o
aiRun                                             stedgeai_app_main.o
ai_array_fmt_exported                             C:\ST\STEdgeAI\4.0\Utilities\windows\targets\ispu\runtime\lib\imu22\libNetworkRuntime_ISPU_STRED_GCC.a(ai_datatypes_format.o)
ai_array_fmt_get_formats                          C:\ST\STEdgeAI\4.0\Utilities\windows\targets\ispu\runtime\lib\imu22\libNetworkRuntime_ISPU_STRED_GCC.a(ai_datatypes_format.o)
ai_array_fmt_name                                 C:\ST\STEdgeAI\4.0\Utilities\windows\targets\ispu\runtime\lib\imu22\libNetworkRuntime_ISPU_STRED_GCC.a(ai_datatypes_format.o)
ai_array_fmt_valid                                C:\ST\STEdgeAI\4.0\Utilities\windows\targets\ispu\runtime\lib\imu22\libNetworkRuntime_ISPU_STRED_GCC.a(ai_datatypes_format.o)